Archive member included to satisfy reference by file (symbol)

c:/st/stm32cubeide_1.3.0/stm32cubeide/plugins/com.st.stm32cube.ide.mcu.externaltools.gnu-tools-for-stm32.9-2020-q2-update.win32_1.5.0.202011040924/tools/bin/../lib/gcc/arm-none-eabi/9.3.1/../../../../arm-none-eabi/lib/thumb/v6-m/nofp\libc.a(lib_a-atof.o)
                              BOS\BOS_CLI.o (atof)
c:/st/stm32cubeide_1.3.0/stm32cubeide/plugins/com.st.stm32cube.ide.mcu.externaltools.gnu-tools-for-stm32.9-2020-q2-update.win32_1.5.0.202011040924/tools/bin/../lib/gcc/arm-none-eabi/9.3.1/../../../../arm-none-eabi/lib/thumb/v6-m/nofp\libc.a(lib_a-atoi.o)
                              BOS\BOS_CLI.o (atoi)
c:/st/stm32cubeide_1.3.0/stm32cubeide/plugins/com.st.stm32cube.ide.mcu.externaltools.gnu-tools-for-stm32.9-2020-q2-update.win32_1.5.0.202011040924/tools/bin/../lib/gcc/arm-none-eabi/9.3.1/../../../../arm-none-eabi/lib/thumb/v6-m/nofp\libc.a(lib_a-atol.o)
                              BOS\BOS.o (atol)
c:/st/stm32cubeide_1.3.0/stm32cubeide/plugins/com.st.stm32cube.ide.mcu.externaltools.gnu-tools-for-stm32.9-2020-q2-update.win32_1.5.0.202011040924/tools/bin/../lib/gcc/arm-none-eabi/9.3.1/../../../../arm-none-eabi/lib/thumb/v6-m/nofp\libc.a(lib_a-calloc.o)
                              BOS\BOS.o (calloc)
c:/st/stm32cubeide_1.3.0/stm32cubeide/plugins/com.st.stm32cube.ide.mcu.externaltools.gnu-tools-for-stm32.9-2020-q2-update.win32_1.5.0.202011040924/tools/bin/../lib/gcc/arm-none-eabi/9.3.1/../../../../arm-none-eabi/lib/thumb/v6-m/nofp\libc.a(lib_a-callocr.o)
                              c:/st/stm32cubeide_1.3.0/stm32cubeide/plugins/com.st.stm32cube.ide.mcu.externaltools.gnu-tools-for-stm32.9-2020-q2-update.win32_1.5.0.202011040924/tools/bin/../lib/gcc/arm-none-eabi/9.3.1/../../../../arm-none-eabi/lib/thumb/v6-m/nofp\libc.a(lib_a-calloc.o) (_calloc_r)
c:/st/stm32cubeide_1.3.0/stm32cubeide/plugins/com.st.stm32cube.ide.mcu.externaltools.gnu-tools-for-stm32.9-2020-q2-update.win32_1.5.0.202011040924/tools/bin/../lib/gcc/arm-none-eabi/9.3.1/../../../../arm-none-eabi/lib/thumb/v6-m/nofp\libc.a(lib_a-ctype_.o)
                              BOS\BOS_CLI.o (_ctype_)
c:/st/stm32cubeide_1.3.0/stm32cubeide/plugins/com.st.stm32cube.ide.mcu.externaltools.gnu-tools-for-stm32.9-2020-q2-update.win32_1.5.0.202011040924/tools/bin/../lib/gcc/arm-none-eabi/9.3.1/../../../../arm-none-eabi/lib/thumb/v6-m/nofp\libc.a(lib_a-exit.o)
                              c:/st/stm32cubeide_1.3.0/stm32cubeide/plugins/com.st.stm32cube.ide.mcu.externaltools.gnu-tools-for-stm32.9-2020-q2-update.win32_1.5.0.202011040924/tools/bin/../lib/gcc/arm-none-eabi/9.3.1/../../../../arm-none-eabi/lib/thumb/v6-m/nofp/crt0.o (exit)
c:/st/stm32cubeide_1.3.0/stm32cubeide/plugins/com.st.stm32cube.ide.mcu.externaltools.gnu-tools-for-stm32.9-2020-q2-update.win32_1.5.0.202011040924/tools/bin/../lib/gcc/arm-none-eabi/9.3.1/../../../../arm-none-eabi/lib/thumb/v6-m/nofp\libc.a(lib_a-impure.o)
                              c:/st/stm32cubeide_1.3.0/stm32cubeide/plugins/com.st.stm32cube.ide.mcu.externaltools.gnu-tools-for-stm32.9-2020-q2-update.win32_1.5.0.202011040924/tools/bin/../lib/gcc/arm-none-eabi/9.3.1/../../../../arm-none-eabi/lib/thumb/v6-m/nofp\libc.a(lib_a-exit.o) (_global_impure_ptr)
c:/st/stm32cubeide_1.3.0/stm32cubeide/plugins/com.st.stm32cube.ide.mcu.externaltools.gnu-tools-for-stm32.9-2020-q2-update.win32_1.5.0.202011040924/tools/bin/../lib/gcc/arm-none-eabi/9.3.1/../../../../arm-none-eabi/lib/thumb/v6-m/nofp\libc.a(lib_a-init.o)
                              c:/st/stm32cubeide_1.3.0/stm32cubeide/plugins/com.st.stm32cube.ide.mcu.externaltools.gnu-tools-for-stm32.9-2020-q2-update.win32_1.5.0.202011040924/tools/bin/../lib/gcc/arm-none-eabi/9.3.1/../../../../arm-none-eabi/lib/thumb/v6-m/nofp/crt0.o (__libc_init_array)
c:/st/stm32cubeide_1.3.0/stm32cubeide/plugins/com.st.stm32cube.ide.mcu.externaltools.gnu-tools-for-stm32.9-2020-q2-update.win32_1.5.0.202011040924/tools/bin/../lib/gcc/arm-none-eabi/9.3.1/../../../../arm-none-eabi/lib/thumb/v6-m/nofp\libc.a(lib_a-malloc.o)
                              BOS\BOS.o (malloc)
c:/st/stm32cubeide_1.3.0/stm32cubeide/plugins/com.st.stm32cube.ide.mcu.externaltools.gnu-tools-for-stm32.9-2020-q2-update.win32_1.5.0.202011040924/tools/bin/../lib/gcc/arm-none-eabi/9.3.1/../../../../arm-none-eabi/lib/thumb/v6-m/nofp\libc.a(lib_a-mallocr.o)
                              c:/st/stm32cubeide_1.3.0/stm32cubeide/plugins/com.st.stm32cube.ide.mcu.externaltools.gnu-tools-for-stm32.9-2020-q2-update.win32_1.5.0.202011040924/tools/bin/../lib/gcc/arm-none-eabi/9.3.1/../../../../arm-none-eabi/lib/thumb/v6-m/nofp\libc.a(lib_a-callocr.o) (_malloc_r)
c:/st/stm32cubeide_1.3.0/stm32cubeide/plugins/com.st.stm32cube.ide.mcu.externaltools.gnu-tools-for-stm32.9-2020-q2-update.win32_1.5.0.202011040924/tools/bin/../lib/gcc/arm-none-eabi/9.3.1/../../../../arm-none-eabi/lib/thumb/v6-m/nofp\libc.a(lib_a-memcpy-stub.o)
                              BOS\BOS.o (memcpy)
[...]
Memory Configuration

Name             Origin             Length             Attributes
RAM              0x0000000020000000 0x0000000000024000 xrw
FLASH            0x0000000008000000 0x0000000000080000 xr
*default*        0x0000000000000000 0xffffffffffffffff

Linker script and memory map

LOAD c:/st/stm32cubeide_1.3.0/stm32cubeide/plugins/com.st.stm32cube.ide.mcu.externaltools.gnu-tools-for-stm32.9-2020-q2-update.win32_1.5.0.202011040924/tools/bin/../lib/gcc/arm-none-eabi/9.3.1/thumb/v6-m/nofp/crti.o
LOAD c:/st/stm32cubeide_1.3.0/stm32cubeide/plugins/com.st.stm32cube.ide.mcu.externaltools.gnu-tools-for-stm32.9-2020-q2-update.win32_1.5.0.202011040924/tools/bin/../lib/gcc/arm-none-eabi/9.3.1/thumb/v6-m/nofp/crtbegin.o
LOAD c:/st/stm32cubeide_1.3.0/stm32cubeide/plugins/com.st.stm32cube.ide.mcu.externaltools.gnu-tools-for-stm32.9-2020-q2-update.win32_1.5.0.202011040924/tools/bin/../lib/gcc/arm-none-eabi/9.3.1/../../../../arm-none-eabi/lib/thumb/v6-m/nofp/crt0.o
LOAD BOS\BOS.o
LOAD BOS\BOS_CLI.o
LOAD BOS\BOS_CLIcommands.o
LOAD BOS\BOS_dma.o
LOAD BOS\BOS_freertos.o
LOAD BOS\BOS_messaging.o
LOAD BOS\BOS_msgparser.o
LOAD HxxRx\HxxRx.o
LOAD HxxRx\HxxRx_dma.o
LOAD HxxRx\HxxRx_eeprom.o
LOAD HxxRx\HxxRx_gpio.o
LOAD HxxRx\HxxRx_inputs.o
LOAD HxxRx\HxxRx_it.o
LOAD HxxRx\HxxRx_rtc.o
LOAD HxxRx\HxxRx_timers.o
LOAD HxxRx\HxxRx_uart.o
LOAD HxxRx\startup_stm32g0b1retx.o
LOAD Thirdparty\CMSIS\STM32G0xx\Device\ST\STM32G0xx\Source\Templates\system_stm32g0xx.o
LOAD Thirdparty\Middleware\STM32G0xx\FreeRTOS\Source\CMSIS_RTOS\cmsis_os.o
LOAD Thirdparty\Middleware\STM32G0xx\FreeRTOS\Source\FreeRTOS_CLI.o
LOAD Thirdparty\Middleware\STM32G0xx\FreeRTOS\Source\croutine.o
LOAD Thirdparty\Middleware\STM32G0xx\FreeRTOS\Source\event_groups.o
LOAD Thirdparty\Middleware\STM32G0xx\FreeRTOS\Source\list.o
LOAD Thirdparty\Middleware\STM32G0xx\FreeRTOS\Source\portable\GCC\ARM_CM0\port.o
LOAD Thirdparty\Middleware\STM32G0xx\FreeRTOS\Source\portable\MemMang\heap_4.o
LOAD Thirdparty\Middleware\STM32G0xx\FreeRTOS\Source\queue.o
LOAD Thirdparty\Middleware\STM32G0xx\FreeRTOS\Source\stream_buffer.o
LOAD Thirdparty\Middleware\STM32G0xx\FreeRTOS\Source\tasks.o
LOAD Thirdparty\Middleware\STM32G0xx\FreeRTOS\Source\timers.o
LOAD Thirdparty\STM32G0xx_HAL_Driver\Src\stm32g0xx_hal.o
LOAD Thirdparty\STM32G0xx_HAL_Driver\Src\stm32g0xx_hal_adc.o
LOAD Thirdparty\STM32G0xx_HAL_Driver\Src\stm32g0xx_hal_adc_ex.o
LOAD Thirdparty\STM32G0xx_HAL_Driver\Src\stm32g0xx_hal_cec.o
LOAD Thirdparty\STM32G0xx_HAL_Driver\Src\stm32g0xx_hal_comp.o
LOAD Thirdparty\STM32G0xx_HAL_Driver\Src\stm32g0xx_hal_cortex.o
LOAD Thirdparty\STM32G0xx_HAL_Driver\Src\stm32g0xx_hal_crc.o
LOAD Thirdparty\STM32G0xx_HAL_Driver\Src\stm32g0xx_hal_crc_ex.o
LOAD Thirdparty\STM32G0xx_HAL_Driver\Src\stm32g0xx_hal_cryp.o
LOAD Thirdparty\STM32G0xx_HAL_Driver\Src\stm32g0xx_hal_cryp_ex.o
LOAD Thirdparty\STM32G0xx_HAL_Driver\Src\stm32g0xx_hal_dac.o
LOAD Thirdparty\STM32G0xx_HAL_Driver\Src\stm32g0xx_hal_dac_ex.o
LOAD Thirdparty\STM32G0xx_HAL_Driver\Src\stm32g0xx_hal_dma.o
LOAD Thirdparty\STM32G0xx_HAL_Driver\Src\stm32g0xx_hal_dma_ex.o
LOAD Thirdparty\STM32G0xx_HAL_Driver\Src\stm32g0xx_hal_exti.o
LOAD Thirdparty\STM32G0xx_HAL_Driver\Src\stm32g0xx_hal_fdcan.o
LOAD Thirdparty\STM32G0xx_HAL_Driver\Src\stm32g0xx_hal_flash.o
LOAD Thirdparty\STM32G0xx_HAL_Driver\Src\stm32g0xx_hal_flash_ex.o
LOAD Thirdparty\STM32G0xx_HAL_Driver\Src\stm32g0xx_hal_gpio.o
LOAD Thirdparty\STM32G0xx_HAL_Driver\Src\stm32g0xx_hal_hcd.o
LOAD Thirdparty\STM32G0xx_HAL_Driver\Src\stm32g0xx_hal_i2c.o
LOAD Thirdparty\STM32G0xx_HAL_Driver\Src\stm32g0xx_hal_i2c_ex.o
LOAD Thirdparty\STM32G0xx_HAL_Driver\Src\stm32g0xx_hal_i2s.o
LOAD Thirdparty\STM32G0xx_HAL_Driver\Src\stm32g0xx_hal_irda.o
LOAD Thirdparty\STM32G0xx_HAL_Driver\Src\stm32g0xx_hal_iwdg.o
LOAD Thirdparty\STM32G0xx_HAL_Driver\Src\stm32g0xx_hal_lptim.o
LOAD Thirdparty\STM32G0xx_HAL_Driver\Src\stm32g0xx_hal_msp_template.o
LOAD Thirdparty\STM32G0xx_HAL_Driver\Src\stm32g0xx_hal_pcd.o
LOAD Thirdparty\STM32G0xx_HAL_Driver\Src\stm32g0xx_hal_pcd_ex.o
LOAD Thirdparty\STM32G0xx_HAL_Driver\Src\stm32g0xx_hal_pwr.o
LOAD Thirdparty\STM32G0xx_HAL_Driver\Src\stm32g0xx_hal_pwr_ex.o
LOAD Thirdparty\STM32G0xx_HAL_Driver\Src\stm32g0xx_hal_rcc.o
LOAD Thirdparty\STM32G0xx_HAL_Driver\Src\stm32g0xx_hal_rcc_ex.o
LOAD Thirdparty\STM32G0xx_HAL_Driver\Src\stm32g0xx_hal_rng.o
LOAD Thirdparty\STM32G0xx_HAL_Driver\Src\stm32g0xx_hal_rtc.o
LOAD Thirdparty\STM32G0xx_HAL_Driver\Src\stm32g0xx_hal_rtc_ex.o
LOAD Thirdparty\STM32G0xx_HAL_Driver\Src\stm32g0xx_hal_smartcard.o
LOAD Thirdparty\STM32G0xx_HAL_Driver\Src\stm32g0xx_hal_smartcard_ex.o
LOAD Thirdparty\STM32G0xx_HAL_Driver\Src\stm32g0xx_hal_smbus.o
LOAD Thirdparty\STM32G0xx_HAL_Driver\Src\stm32g0xx_hal_smbus_ex.o
LOAD Thirdparty\STM32G0xx_HAL_Driver\Src\stm32g0xx_hal_spi.o
LOAD Thirdparty\STM32G0xx_HAL_Driver\Src\stm32g0xx_hal_spi_ex.o
LOAD Thirdparty\STM32G0xx_HAL_Driver\Src\stm32g0xx_hal_tim.o
LOAD Thirdparty\STM32G0xx_HAL_Driver\Src\stm32g0xx_hal_tim_ex.o
LOAD Thirdparty\STM32G0xx_HAL_Driver\Src\stm32g0xx_hal_uart.o
LOAD Thirdparty\STM32G0xx_HAL_Driver\Src\stm32g0xx_hal_uart_ex.o
LOAD Thirdparty\STM32G0xx_HAL_Driver\Src\stm32g0xx_hal_usart.o
LOAD Thirdparty\STM32G0xx_HAL_Driver\Src\stm32g0xx_hal_usart_ex.o
LOAD Thirdparty\STM32G0xx_HAL_Driver\Src\stm32g0xx_hal_wwdg.o
LOAD Thirdparty\STM32G0xx_HAL_Driver\Src\stm32g0xx_ll_adc.o
LOAD Thirdparty\STM32G0xx_HAL_Driver\Src\stm32g0xx_ll_comp.o
LOAD Thirdparty\STM32G0xx_HAL_Driver\Src\stm32g0xx_ll_crc.o
LOAD Thirdparty\STM32G0xx_HAL_Driver\Src\stm32g0xx_ll_crs.o
LOAD Thirdparty\STM32G0xx_HAL_Driver\Src\stm32g0xx_ll_dac.o
LOAD Thirdparty\STM32G0xx_HAL_Driver\Src\stm32g0xx_ll_dma.o
LOAD Thirdparty\STM32G0xx_HAL_Driver\Src\stm32g0xx_ll_exti.o
LOAD Thirdparty\STM32G0xx_HAL_Driver\Src\stm32g0xx_ll_gpio.o
LOAD Thirdparty\STM32G0xx_HAL_Driver\Src\stm32g0xx_ll_i2c.o
LOAD Thirdparty\STM32G0xx_HAL_Driver\Src\stm32g0xx_ll_lptim.o
LOAD Thirdparty\STM32G0xx_HAL_Driver\Src\stm32g0xx_ll_lpuart.o
LOAD Thirdparty\STM32G0xx_HAL_Driver\Src\stm32g0xx_ll_pwr.o
LOAD Thirdparty\STM32G0xx_HAL_Driver\Src\stm32g0xx_ll_rcc.o
LOAD Thirdparty\STM32G0xx_HAL_Driver\Src\stm32g0xx_ll_rng.o
LOAD Thirdparty\STM32G0xx_HAL_Driver\Src\stm32g0xx_ll_rtc.o
LOAD Thirdparty\STM32G0xx_HAL_Driver\Src\stm32g0xx_ll_spi.o
LOAD Thirdparty\STM32G0xx_HAL_Driver\Src\stm32g0xx_ll_tim.o
LOAD Thirdparty\STM32G0xx_HAL_Driver\Src\stm32g0xx_ll_ucpd.o
LOAD Thirdparty\STM32G0xx_HAL_Driver\Src\stm32g0xx_ll_usart.o
LOAD Thirdparty\STM32G0xx_HAL_Driver\Src\stm32g0xx_ll_usb.o
LOAD Thirdparty\STM32G0xx_HAL_Driver\Src\stm32g0xx_ll_utils.o
LOAD User\main.o
START GROUP
LOAD c:/st/stm32cubeide_1.3.0/stm32cubeide/plugins/com.st.stm32cube.ide.mcu.externaltools.gnu-tools-for-stm32.9-2020-q2-update.win32_1.5.0.202011040924/tools/bin/../lib/gcc/arm-none-eabi/9.3.1/../../../../arm-none-eabi/lib/thumb/v6-m/nofp\libc.a
LOAD c:/st/stm32cubeide_1.3.0/stm32cubeide/plugins/com.st.stm32cube.ide.mcu.externaltools.gnu-tools-for-stm32.9-2020-q2-update.win32_1.5.0.202011040924/tools/bin/../lib/gcc/arm-none-eabi/9.3.1/../../../../arm-none-eabi/lib/thumb/v6-m/nofp\libm.a
END GROUP
START GROUP
LOAD c:/st/stm32cubeide_1.3.0/stm32cubeide/plugins/com.st.stm32cube.ide.mcu.externaltools.gnu-tools-for-stm32.9-2020-q2-update.win32_1.5.0.202011040924/tools/bin/../lib/gcc/arm-none-eabi/9.3.1/thumb/v6-m/nofp\libgcc.a
LOAD c:/st/stm32cubeide_1.3.0/stm32cubeide/plugins/com.st.stm32cube.ide.mcu.externaltools.gnu-tools-for-stm32.9-2020-q2-update.win32_1.5.0.202011040924/tools/bin/../lib/gcc/arm-none-eabi/9.3.1/../../../../arm-none-eabi/lib/thumb/v6-m/nofp\libc.a
END GROUP
START GROUP
LOAD c:/st/stm32cubeide_1.3.0/stm32cubeide/plugins/com.st.stm32cube.ide.mcu.externaltools.gnu-tools-for-stm32.9-2020-q2-update.win32_1.5.0.202011040924/tools/bin/../lib/gcc/arm-none-eabi/9.3.1/thumb/v6-m/nofp\libgcc.a
LOAD c:/st/stm32cubeide_1.3.0/stm32cubeide/plugins/com.st.stm32cube.ide.mcu.externaltools.gnu-tools-for-stm32.9-2020-q2-update.win32_1.5.0.202011040924/tools/bin/../lib/gcc/arm-none-eabi/9.3.1/../../../../arm-none-eabi/lib/thumb/v6-m/nofp\libc.a
LOAD c:/st/stm32cubeide_1.3.0/stm32cubeide/plugins/com.st.stm32cube.ide.mcu.externaltools.gnu-tools-for-stm32.9-2020-q2-update.win32_1.5.0.202011040924/tools/bin/../lib/gcc/arm-none-eabi/9.3.1/../../../../arm-none-eabi/lib/thumb/v6-m/nofp\libnosys.a
END GROUP
LOAD c:/st/stm32cubeide_1.3.0/stm32cubeide/plugins/com.st.stm32cube.ide.mcu.externaltools.gnu-tools-for-stm32.9-2020-q2-update.win32_1.5.0.202011040924/tools/bin/../lib/gcc/arm-none-eabi/9.3.1/thumb/v6-m/nofp/crtend.o
LOAD c:/st/stm32cubeide_1.3.0/stm32cubeide/plugins/com.st.stm32cube.ide.mcu.externaltools.gnu-tools-for-stm32.9-2020-q2-update.win32_1.5.0.202011040924/tools/bin/../lib/gcc/arm-none-eabi/9.3.1/thumb/v6-m/nofp/crtn.o
                0x0000000020024000                _estack = (ORIGIN (RAM) + LENGTH (RAM))
                0x0000000000000200                _Min_Heap_Size = 0x200
                0x0000000000000400                _Min_Stack_Size = 0x400

.isr_vector     0x0000000008000000       0xbc
                0x0000000008000000                . = ALIGN (0x4)
 *(.isr_vector)
 .isr_vector    0x0000000008000000       0xbc HxxRx\startup_stm32g0b1retx.o
                0x0000000008000000                g_pfnVectors
                0x00000000080000bc                . = ALIGN (0x4)

.text           0x00000000080000c0    0x189e4
                0x00000000080000c0                . = ALIGN (0x4)
 *(.text)
 .text          0x00000000080000c0       0x48 c:/st/stm32cubeide_1.3.0/stm32cubeide/plugins/com.st.stm32cube.ide.mcu.externaltools.gnu-tools-for-stm32.9-2020-q2-update.win32_1.5.0.202011040924/tools/bin/../lib/gcc/arm-none-eabi/9.3.1/thumb/v6-m/nofp/crtbegin.o
 .text          0x0000000008000108       0x14 c:/st/stm32cubeide_1.3.0/stm32cubeide/plugins/com.st.stm32cube.ide.mcu.externaltools.gnu-tools-for-stm32.9-2020-q2-update.win32_1.5.0.202011040924/tools/bin/../lib/gcc/arm-none-eabi/9.3.1/../../../../arm-none-eabi/lib/thumb/v6-m/nofp\libc.a(lib_a-strcmp.o)
                0x0000000008000108                strcmp
 .text          0x000000000800011c        0xe c:/st/stm32cubeide_1.3.0/stm32cubeide/plugins/com.st.stm32cube.ide.mcu.externaltools.gnu-tools-for-stm32.9-2020-q2-update.win32_1.5.0.202011040924/tools/bin/../lib/gcc/arm-none-eabi/9.3.1/../../../../arm-none-eabi/lib/thumb/v6-m/nofp\libc.a(lib_a-strlen.o)
                0x000000000800011c                strlen
 *fill*         0x000000000800012a        0x2 
 .text          0x000000000800012c       0x14 c:/st/stm32cubeide_1.3.0/stm32cubeide/plugins/com.st.stm32cube.ide.mcu.externaltools.gnu-tools-for-stm32.9-2020-q2-update.win32_1.5.0.202011040924/tools/bin/../lib/gcc/arm-none-eabi/9.3.1/thumb/v6-m/nofp\libgcc.a(_thumb1_case_uqi.o)
                0x000000000800012c                __gnu_thumb1_case_uqi
 .text          0x0000000008000140       0x14 c:/st/stm32cubeide_1.3.0/stm32cubeide/plugins/com.st.stm32cube.ide.mcu.externaltools.gnu-tools-for-stm32.9-2020-q2-update.win32_1.5.0.202011040924/tools/bin/../lib/gcc/arm-none-eabi/9.3.1/thumb/v6-m/nofp\libgcc.a(_thumb1_case_uhi.o)
                0x0000000008000140                __gnu_thumb1_case_uhi
 .text          0x0000000008000154      0x114 c:/st/stm32cubeide_1.3.0/stm32cubeide/plugins/com.st.stm32cube.ide.mcu.externaltools.gnu-tools-for-stm32.9-2020-q2-update.win32_1.5.0.202011040924/tools/bin/../lib/gcc/arm-none-eabi/9.3.1/thumb/v6-m/nofp\libgcc.a(_udivsi3.o)
                0x0000000008000154                __aeabi_uidiv
                0x0000000008000154                __udivsi3
                0x0000000008000260                __aeabi_uidivmod
 .text          0x0000000008000268      0x1d4 c:/st/stm32cubeide_1.3.0/stm32cubeide/plugins/com.st.stm32cube.ide.mcu.externaltools.gnu-tools-for-stm32.9-2020-q2-update.win32_1.5.0.202011040924/tools/bin/../lib/gcc/arm-none-eabi/9.3.1/thumb/v6-m/nofp\libgcc.a(_divsi3.o)
                0x0000000008000268                __divsi3
                0x0000000008000268                __aeabi_idiv
                0x0000000008000434                __aeabi_idivmod
 .text          0x000000000800043c        0x4 c:/st/stm32cubeide_1.3.0/stm32cubeide/plugins/com.st.stm32cube.ide.mcu.externaltools.gnu-tools-for-stm32.9-2020-q2-update.win32_1.5.0.202011040924/tools/bin/../lib/gcc/arm-none-eabi/9.3.1/thumb/v6-m/nofp\libgcc.a(_dvmd_tls.o)
                0x000000000800043c                __aeabi_idiv0
                0x000000000800043c                __aeabi_ldiv0
 .text          0x0000000008000440       0x7c c:/st/stm32cubeide_1.3.0/stm32cubeide/plugins/com.st.stm32cube.ide.mcu.externaltools.gnu-tools-for-stm32.9-2020-q2-update.win32_1.5.0.202011040924/tools/bin/../lib/gcc/arm-none-eabi/9.3.1/thumb/v6-m/nofp\libgcc.a(_arm_cmpdf2.o)
                0x0000000008000440                __aeabi_cdrcmple
                0x0000000008000450                __aeabi_cdcmple
                0x0000000008000450                __aeabi_cdcmpeq
                0x0000000008000460                __aeabi_dcmpeq
                0x000000000800046c                __aeabi_dcmplt
                0x0000000008000480                __aeabi_dcmple
                0x0000000008000494                __aeabi_dcmpgt
                0x00000000080004a8                __aeabi_dcmpge
 .text          0x00000000080004bc       0x74 c:/st/stm32cubeide_1.3.0/stm32cubeide/plugins/com.st.stm32cube.ide.mcu.externaltools.gnu-tools-for-stm32.9-2020-q2-update.win32_1.5.0.202011040924/tools/bin/../lib/gcc/arm-none-eabi/9.3.1/thumb/v6-m/nofp\libgcc.a(_arm_cmpsf2.o)
                0x00000000080004bc                __aeabi_cfrcmple
                0x00000000080004c4                __aeabi_cfcmpeq
                0x00000000080004c4                __aeabi_cfcmple
                0x00000000080004d4                __aeabi_fcmpeq
                0x00000000080004e0                __aeabi_fcmplt
                0x00000000080004f4                __aeabi_fcmple
                0x0000000008000508                __aeabi_fcmpgt
                0x000000000800051c                __aeabi_fcmpge
 .text          0x0000000008000530       0x40 c:/st/stm32cubeide_1.3.0/stm32cubeide/plugins/com.st.stm32cube.ide.mcu.externaltools.gnu-tools-for-stm32.9-2020-q2-update.win32_1.5.0.202011040924/tools/bin/../lib/gcc/arm-none-eabi/9.3.1/thumb/v6-m/nofp\libgcc.a(_aeabi_uldivmod.o)
                0x0000000008000530                __aeabi_uldivmod
 .text          0x0000000008000570       0x50 c:/st/stm32cubeide_1.3.0/stm32cubeide/plugins/com.st.stm32cube.ide.mcu.externaltools.gnu-tools-for-stm32.9-2020-q2-update.win32_1.5.0.202011040924/tools/bin/../lib/gcc/arm-none-eabi/9.3.1/thumb/v6-m/nofp\libgcc.a(_muldi3.o)
                0x0000000008000570                __muldi3
                0x0000000008000570                __aeabi_lmul
 .text          0x00000000080005c0       0x30 c:/st/stm32cubeide_1.3.0/stm32cubeide/plugins/com.st.stm32cube.ide.mcu.externaltools.gnu-tools-for-stm32.9-2020-q2-update.win32_1.5.0.202011040924/tools/bin/../lib/gcc/arm-none-eabi/9.3.1/thumb/v6-m/nofp\libgcc.a(_fixunssfsi.o)
                0x00000000080005c0                __fixunssfsi
                0x00000000080005c0                __aeabi_f2uiz
 .text          0x00000000080005f0       0x3c c:/st/stm32cubeide_1.3.0/stm32cubeide/plugins/com.st.stm32cube.ide.mcu.externaltools.gnu-tools-for-stm32.9-2020-q2-update.win32_1.5.0.202011040924/tools/bin/../lib/gcc/arm-none-eabi/9.3.1/thumb/v6-m/nofp\libgcc.a(_fixunsdfsi.o)
                0x00000000080005f0                __aeabi_d2uiz
                0x00000000080005f0                __fixunsdfsi
 .text          0x000000000800062c       0x3c c:/st/stm32cubeide_1.3.0/stm32cubeide/plugins/com.st.stm32cube.ide.mcu.externaltools.gnu-tools-for-stm32.9-2020-q2-update.win32_1.5.0.202011040924/tools/bin/../lib/gcc/arm-none-eabi/9.3.1/thumb/v6-m/nofp\libgcc.a(_fixdfdi.o)
                0x000000000800062c                __fixdfdi
                0x000000000800062c                __aeabi_d2lz
 .text          0x0000000008000668       0x3c c:/st/stm32cubeide_1.3.0/stm32cubeide/plugins/com.st.stm32cube.ide.mcu.externaltools.gnu-tools-for-stm32.9-2020-q2-update.win32_1.5.0.202011040924/tools/bin/../lib/gcc/arm-none-eabi/9.3.1/thumb/v6-m/nofp\libgcc.a(_fixunsdfdi.o)
                0x0000000008000668                __fixunsdfdi
                0x0000000008000668                __aeabi_d2ulz
 .text          0x00000000080006a4       0x2c c:/st/stm32cubeide_1.3.0/stm32cubeide/plugins/com.st.stm32cube.ide.mcu.externaltools.gnu-tools-for-stm32.9-2020-q2-update.win32_1.5.0.202011040924/tools/bin/../lib/gcc/arm-none-eabi/9.3.1/thumb/v6-m/nofp\libgcc.a(_floatdidf.o)
                0x00000000080006a4                __aeabi_l2d
                0x00000000080006a4                __floatdidf
 .text          0x00000000080006d0      0x198 c:/st/stm32cubeide_1.3.0/stm32cubeide/plugins/com.st.stm32cube.ide.mcu.externaltools.gnu-tools-for-stm32.9-2020-q2-update.win32_1.5.0.202011040924/tools/bin/../lib/gcc/arm-none-eabi/9.3.1/thumb/v6-m/nofp\libgcc.a(_udivmoddi4.o)
                0x00000000080006d0                __udivmoddi4
 .text          0x0000000008000868       0x50 c:/st/stm32cubeide_1.3.0/stm32cubeide/plugins/com.st.stm32cube.ide.mcu.externaltools.gnu-tools-for-stm32.9-2020-q2-update.win32_1.5.0.202011040924/tools/bin/../lib/gcc/arm-none-eabi/9.3.1/thumb/v6-m/nofp\libgcc.a(eqsf2.o)
                0x0000000008000868                __eqsf2
                0x0000000008000868                __nesf2
 .text          0x00000000080008b8       0x98 c:/st/stm32cubeide_1.3.0/stm32cubeide/plugins/com.st.stm32cube.ide.mcu.externaltools.gnu-tools-for-stm32.9-2020-q2-update.win32_1.5.0.202011040924/tools/bin/../lib/gcc/arm-none-eabi/9.3.1/thumb/v6-m/nofp\libgcc.a(gesf2.o)
                0x00000000080008b8                __gesf2
                0x00000000080008b8                __gtsf2
 .text          0x0000000008000950       0x94 c:/st/stm32cubeide_1.3.0/stm32cubeide/plugins/com.st.stm32cube.ide.mcu.externaltools.gnu-tools-for-stm32.9-2020-q2-update.win32_1.5.0.202011040924/tools/bin/../lib/gcc/arm-none-eabi/9.3.1/thumb/v6-m/nofp\libgcc.a(lesf2.o)
                0x0000000008000950                __ltsf2
                0x0000000008000950                __lesf2
 .text          0x00000000080009e4      0x234 c:/st/stm32cubeide_1.3.0/stm32cubeide/plugins/com.st.stm32cube.ide.mcu.externaltools.gnu-tools-for-stm32.9-2020-q2-update.win32_1.5.0.202011040924/tools/bin/../lib/gcc/arm-none-eabi/9.3.1/thumb/v6-m/nofp\libgcc.a(mulsf3.o)
                0x00000000080009e4                __aeabi_fmul
 .text          0x0000000008000c18      0x390 c:/st/stm32cubeide_1.3.0/stm32cubeide/plugins/com.st.stm32cube.ide.mcu.externaltools.gnu-tools-for-stm32.9-2020-q2-update.win32_1.5.0.202011040924/tools/bin/../lib/gcc/arm-none-eabi/9.3.1/thumb/v6-m/nofp\libgcc.a(subsf3.o)
                0x0000000008000c18                __aeabi_fsub
 .text          0x0000000008000fa8       0x40 c:/st/stm32cubeide_1.3.0/stm32cubeide/plugins/com.st.stm32cube.ide.mcu.externaltools.gnu-tools-for-stm32.9-2020-q2-update.win32_1.5.0.202011040924/tools/bin/../lib/gcc/arm-none-eabi/9.3.1/thumb/v6-m/nofp\libgcc.a(fixsfsi.o)
                0x0000000008000fa8                __aeabi_f2iz
 .text          0x0000000008000fe8       0x78 c:/st/stm32cubeide_1.3.0/stm32cubeide/plugins/com.st.stm32cube.ide.mcu.externaltools.gnu-tools-for-stm32.9-2020-q2-update.win32_1.5.0.202011040924/tools/bin/../lib/gcc/arm-none-eabi/9.3.1/thumb/v6-m/nofp\libgcc.a(floatunsisf.o)
                0x0000000008000fe8                __aeabi_ui2f
 .text          0x0000000008001060      0x6d4 c:/st/stm32cubeide_1.3.0/stm32cubeide/plugins/com.st.stm32cube.ide.mcu.externaltools.gnu-tools-for-stm32.9-2020-q2-update.win32_1.5.0.202011040924/tools/bin/../lib/gcc/arm-none-eabi/9.3.1/thumb/v6-m/nofp\libgcc.a(adddf3.o)
                0x0000000008001060                __aeabi_dadd
 .text          0x0000000008001734      0x5d0 c:/st/stm32cubeide_1.3.0/stm32cubeide/plugins/com.st.stm32cube.ide.mcu.externaltools.gnu-tools-for-stm32.9-2020-q2-update.win32_1.5.0.202011040924/tools/bin/../lib/gcc/arm-none-eabi/9.3.1/thumb/v6-m/nofp\libgcc.a(divdf3.o)
                0x0000000008001734                __aeabi_ddiv
 .text          0x0000000008001d04       0x78 c:/st/stm32cubeide_1.3.0/stm32cubeide/plugins/com.st.stm32cube.ide.mcu.externaltools.gnu-tools-for-stm32.9-2020-q2-update.win32_1.5.0.202011040924/tools/bin/../lib/gcc/arm-none-eabi/9.3.1/thumb/v6-m/nofp\libgcc.a(eqdf2.o)
                0x0000000008001d04                __nedf2
                0x0000000008001d04                __eqdf2
 .text          0x0000000008001d7c       0xe4 c:/st/stm32cubeide_1.3.0/stm32cubeide/plugins/com.st.stm32cube.ide.mcu.externaltools.gnu-tools-for-stm32.9-2020-q2-update.win32_1.5.0.202011040924/tools/bin/../lib/gcc/arm-none-eabi/9.3.1/thumb/v6-m/nofp\libgcc.a(gedf2.o)
                0x0000000008001d7c                __gedf2
                0x0000000008001d7c                __gtdf2
 .text          0x0000000008001e60       0xe0 c:/st/stm32cubeide_1.3.0/stm32cubeide/plugins/com.st.stm32cube.ide.mcu.externaltools.gnu-tools-for-stm32.9-2020-q2-update.win32_1.5.0.202011040924/tools/bin/../lib/gcc/arm-none-eabi/9.3.1/thumb/v6-m/nofp\libgcc.a(ledf2.o)
                0x0000000008001e60                __ledf2
                0x0000000008001e60                __ltdf2
 .text          0x0000000008001f40      0x4d8 c:/st/stm32cubeide_1.3.0/stm32cubeide/plugins/com.st.stm32cube.ide.mcu.externaltools.gnu-tools-for-stm32.9-2020-q2-update.win32_1.5.0.202011040924/tools/bin/../lib/gcc/arm-none-eabi/9.3.1/thumb/v6-m/nofp\libgcc.a(muldf3.o)
                0x0000000008001f40                __aeabi_dmul
 .text          0x0000000008002418      0x724 c:/st/stm32cubeide_1.3.0/stm32cubeide/plugins/com.st.stm32cube.ide.mcu.externaltools.gnu-tools-for-stm32.9-2020-q2-update.win32_1.5.0.202011040924/tools/bin/../lib/gcc/arm-none-eabi/9.3.1/thumb/v6-m/nofp\libgcc.a(subdf3.o)
                0x0000000008002418                __aeabi_dsub
 .text          0x0000000008002b3c       0x3c c:/st/stm32cubeide_1.3.0/stm32cubeide/plugins/com.st.stm32cube.ide.mcu.externaltools.gnu-tools-for-stm32.9-2020-q2-update.win32_1.5.0.202011040924/tools/bin/../lib/gcc/arm-none-eabi/9.3.1/thumb/v6-m/nofp\libgcc.a(unorddf2.o)
                0x0000000008002b3c                __aeabi_dcmpun
 .text          0x0000000008002b78       0x6c c:/st/stm32cubeide_1.3.0/stm32cubeide/plugins/com.st.stm32cube.ide.mcu.externaltools.gnu-tools-for-stm32.9-2020-q2-update.win32_1.5.0.202011040924/tools/bin/../lib/gcc/arm-none-eabi/9.3.1/thumb/v6-m/nofp\libgcc.a(fixdfsi.o)
                0x0000000008002b78                __aeabi_d2iz
 .text          0x0000000008002be4       0x60 c:/st/stm32cubeide_1.3.0/stm32cubeide/plugins/com.st.stm32cube.ide.mcu.externaltools.gnu-tools-for-stm32.9-2020-q2-update.win32_1.5.0.202011040924/tools/bin/../lib/gcc/arm-none-eabi/9.3.1/thumb/v6-m/nofp\libgcc.a(floatsidf.o)
                0x0000000008002be4                __aeabi_i2d
 .text          0x0000000008002c44       0x4c c:/st/stm32cubeide_1.3.0/stm32cubeide/plugins/com.st.stm32cube.ide.mcu.externaltools.gnu-tools-for-stm32.9-2020-q2-update.win32_1.5.0.202011040924/tools/bin/../lib/gcc/arm-none-eabi/9.3.1/thumb/v6-m/nofp\libgcc.a(floatunsidf.o)
                0x0000000008002c44                __aeabi_ui2d
 .text          0x0000000008002c90       0x90 c:/st/stm32cubeide_1.3.0/stm32cubeide/plugins/com.st.stm32cube.ide.mcu.externaltools.gnu-tools-for-stm32.9-2020-q2-update.win32_1.5.0.202011040924/tools/bin/../lib/gcc/arm-none-eabi/9.3.1/thumb/v6-m/nofp\libgcc.a(extendsfdf2.o)
                0x0000000008002c90                __aeabi_f2d
 .text          0x0000000008002d20      0x110 c:/st/stm32cubeide_1.3.0/stm32cubeide/plugins/com.st.stm32cube.ide.mcu.externaltools.gnu-tools-for-stm32.9-2020-q2-update.win32_1.5.0.202011040924/tools/bin/../lib/gcc/arm-none-eabi/9.3.1/thumb/v6-m/nofp\libgcc.a(truncdfsf2.o)
                0x0000000008002d20                __aeabi_d2f
 .text          0x0000000008002e30       0x3c c:/st/stm32cubeide_1.3.0/stm32cubeide/plugins/com.st.stm32cube.ide.mcu.externaltools.gnu-tools-for-stm32.9-2020-q2-update.win32_1.5.0.202011040924/tools/bin/../lib/gcc/arm-none-eabi/9.3.1/thumb/v6-m/nofp\libgcc.a(_clzsi2.o)
                0x0000000008002e30                __clzsi2
 .text          0x0000000008002e6c       0x18 c:/st/stm32cubeide_1.3.0/stm32cubeide/plugins/com.st.stm32cube.ide.mcu.externaltools.gnu-tools-for-stm32.9-2020-q2-update.win32_1.5.0.202011040924/tools/bin/../lib/gcc/arm-none-eabi/9.3.1/thumb/v6-m/nofp\libgcc.a(_clzdi2.o)
                0x0000000008002e6c                __clzdi2
 *(.text*)
 .text.Send_BOS_Message
                0x0000000008002e84       0x64 BOS\BOS.o
                0x0000000008002e84                Send_BOS_Message
 .text.LoadROtopology
                0x0000000008002ee8       0xa0 BOS\BOS.o
                0x0000000008002ee8                LoadROtopology
 .text.LoadEEportsDir
                0x0000000008002f88       0x44 BOS\BOS.o
                0x0000000008002f88                LoadEEportsDir
 .text.LoadEEalias
                0x0000000008002fcc       0x88 BOS\BOS.o
                0x0000000008002fcc                LoadEEalias
 .text.LoadEEgroup
                0x0000000008003054       0xa8 BOS\BOS.o
                0x0000000008003054                LoadEEgroup
 .text.LoadEEstreams
                0x00000000080030fc      0x11c BOS\BOS.o
                0x00000000080030fc                LoadEEstreams
 .text.LoadEEparams
                0x0000000008003218      0x150 BOS\BOS.o
                0x0000000008003218                LoadEEparams
 .text.LoadEEbuttons
                0x0000000008003368      0x100 BOS\BOS.o
                0x0000000008003368                LoadEEbuttons
 .text.LoadROsnippets
                0x0000000008003468       0xfc BOS\BOS.o
                0x0000000008003468                LoadROsnippets
 .text.LoadEEvars
                0x0000000008003564       0x24 BOS\BOS.o
                0x0000000008003564                LoadEEvars
 .text.SaveEEportsDir
                0x0000000008003588       0x50 BOS\BOS.o
                0x0000000008003588                SaveEEportsDir
 .text.SaveEEalias
                0x00000000080035d8       0x88 BOS\BOS.o
                0x00000000080035d8                SaveEEalias
 .text.SaveEEstreams
                0x0000000008003660       0x94 BOS\BOS.o
                0x0000000008003660                SaveEEstreams
 .text.SaveEEparams
                0x00000000080036f4       0x88 BOS\BOS.o
                0x00000000080036f4                SaveEEparams
 .text.ClearEEportsDir
                0x000000000800377c       0x58 BOS\BOS.o
                0x000000000800377c                ClearEEportsDir
 .text.IsLowerCLIbaud
                0x00000000080037d4       0x9c BOS\BOS.o
                0x00000000080037d4                IsLowerCLIbaud
 .text.IsModuleParameter
                0x0000000008003870       0x18 BOS\BOS.o
                0x0000000008003870                IsModuleParameter
 .text.IsMathOperator
                0x0000000008003888       0x84 BOS\BOS.o
                0x0000000008003888                IsMathOperator
 .text.BOS_Init
                0x000000000800390c      0x11c BOS\BOS.o
                0x000000000800390c                BOS_Init
 .text.Module_Init
                0x0000000008003a28       0x18 BOS\BOS.o
                0x0000000008003a28                Module_Init
 .text.ExploreNeighbors
                0x0000000008003a40       0x54 BOS\BOS.o
                0x0000000008003a40                ExploreNeighbors
 .text.FindBroadcastRoutes
                0x0000000008003a94      0x144 BOS\BOS.o
                0x0000000008003a94                FindBroadcastRoutes
 .text.FindRoute
                0x0000000008003bd8      0x1d0 BOS\BOS.o
                0x0000000008003bd8                FindRoute
 .text.DisplayTopology
                0x0000000008003da8      0x1a4 BOS\BOS.o
                0x0000000008003da8                DisplayTopology
 .text.DisplayPortsDir
                0x0000000008003f4c       0xf0 BOS\BOS.o
                0x0000000008003f4c                DisplayPortsDir
 .text.DisplayModuleStatus
                0x000000000800403c      0x2e0 BOS\BOS.o
                0x000000000800403c                DisplayModuleStatus
 .text.GetID    0x000000000800431c       0xc4 BOS\BOS.o
                0x000000000800431c                GetID
 .text.NameModule
                0x00000000080043e0       0xcc BOS\BOS.o
                0x00000000080043e0                NameModule
 .text.AddModuleToGroup
                0x00000000080044ac      0x114 BOS\BOS.o
                0x00000000080044ac                AddModuleToGroup
 .text.WriteToRemote
                0x00000000080045c0      0x21c BOS\BOS.o
                0x00000000080045c0                WriteToRemote
 .text.GetDateString
                0x00000000080047dc       0x3c BOS\BOS.o
                0x00000000080047dc                GetDateString
 .text.Bridge   0x0000000008004818       0x28 BOS\BOS.o
                0x0000000008004818                Bridge
 .text.Unbridge
                0x0000000008004840       0x70 BOS\BOS.o
                0x0000000008004840                Unbridge
 .text.AddSnippet.part.0
                0x00000000080048b0       0xac BOS\BOS_CLI.o
 .text.ParseSnippetCondition
                0x000000000800495c      0x3e4 BOS\BOS_CLI.o
                0x000000000800495c                ParseSnippetCondition
 .text.CLI_CommandParser
                0x0000000008004d40      0x454 BOS\BOS_CLI.o
                0x0000000008004d40                CLI_CommandParser
 .text.prvCLITask
                0x0000000008005194      0x1a8 BOS\BOS_CLI.o
                0x0000000008005194                prvCLITask
 .text.ParseSnippetCommand
                0x000000000800533c       0x78 BOS\BOS_CLI.o
                0x000000000800533c                ParseSnippetCommand
 .text.CheckSnippetCondition
                0x00000000080053b4       0xd0 BOS\BOS_CLI.o
                0x00000000080053b4                CheckSnippetCondition
 .text.ExecuteSnippet
                0x0000000008005484       0xb4 BOS\BOS_CLI.o
                0x0000000008005484                ExecuteSnippet
 .text.exploreCommand
                0x0000000008005538        0x4 BOS\BOS_CLIcommands.o
 .text.flashsizeCommand
                0x000000000800553c       0x18 BOS\BOS_CLIcommands.o
 .text.ReadVrefCommand
                0x0000000008005554       0x38 BOS\BOS_CLIcommands.o
 .text.ReadTempCommand
                0x000000000800558c       0x38 BOS\BOS_CLIcommands.o
 .text.ADCReadCommand
                0x00000000080055c4       0xb0 BOS\BOS_CLIcommands.o
 .text.testportCommand
                0x0000000008005674      0x1ac BOS\BOS_CLIcommands.o
 .text.unbridgeCommand
                0x0000000008005820       0xa8 BOS\BOS_CLIcommands.o
 .text.bridgeCommand
                0x00000000080058c8       0xa8 BOS\BOS_CLIcommands.o
 .text.delSnipCommand
                0x0000000008005970       0xe8 BOS\BOS_CLIcommands.o
 .text.pauseSnipCommand
                0x0000000008005a58       0x68 BOS\BOS_CLIcommands.o
 .text.actSnipCommand
                0x0000000008005ac0       0x6c BOS\BOS_CLIcommands.o
 .text.snipCommand
                0x0000000008005b2c      0x218 BOS\BOS_CLIcommands.o
 .text.idcodeCommand
                0x0000000008005d44       0xa0 BOS\BOS_CLIcommands.o
 .text.uuidCommand
                0x0000000008005de4       0x24 BOS\BOS_CLIcommands.o
 .text.dateCommand
                0x0000000008005e08       0x20 BOS\BOS_CLIcommands.o
 .text.getCommand
                0x0000000008005e28      0x230 BOS\BOS_CLIcommands.o
 .text.defaultCommand
                0x0000000008006058       0xb4 BOS\BOS_CLIcommands.o
 .text.setCommand
                0x000000000800610c      0x808 BOS\BOS_CLIcommands.o
 .text.removebuttonCommand
                0x0000000008006914       0x4c BOS\BOS_CLIcommands.o
 .text.addbuttonCommand
                0x0000000008006960       0xcc BOS\BOS_CLIcommands.o
 .text.scastCommand
                0x0000000008006a2c      0x190 BOS\BOS_CLIcommands.o
 .text.infoCommand
                0x0000000008006bbc       0xe8 BOS\BOS_CLIcommands.o
 .text.statusCommand
                0x0000000008006ca4        0xc BOS\BOS_CLIcommands.o
 .text.groupCommand
                0x0000000008006cb0      0x1b4 BOS\BOS_CLIcommands.o
 .text.nameCommand
                0x0000000008006e64       0x88 BOS\BOS_CLIcommands.o
 .text.bootloaderUpdateCommand
                0x0000000008006eec      0x178 BOS\BOS_CLIcommands.o
 .text.pingCommand
                0x0000000008007064       0x58 BOS\BOS_CLIcommands.o
 .text.prvRunTimeStatsCommand
                0x00000000080070bc       0x1c BOS\BOS_CLIcommands.o
 .text.prvTaskStatsCommand
                0x00000000080070d8       0x1c BOS\BOS_CLIcommands.o
 .text.setBaudrateCommand
                0x00000000080070f4       0x78 BOS\BOS_CLIcommands.o
 .text.GetReadPrecentageCommand
                0x000000000800716c       0x58 BOS\BOS_CLIcommands.o
 .text.timeCommand
                0x00000000080071c4       0x74 BOS\BOS_CLIcommands.o
 .text.resetCommand
                0x0000000008007238       0x1c BOS\BOS_CLIcommands.o
 .text.RegisterUserCLICommands
                0x0000000008007254        0x4 BOS\BOS_CLIcommands.o
                0x0000000008007254                RegisterUserCLICommands
 .text.vRegisterCLICommands
                0x0000000008007258      0x134 BOS\BOS_CLIcommands.o
                0x0000000008007258                vRegisterCLICommands
 .text.StartDMAstream
                0x000000000800738c       0x58 BOS\BOS_dma.o
                0x000000000800738c                StartDMAstream
 .text.ResetUartORE
                0x00000000080073e4       0x40 BOS\BOS_dma.o
                0x00000000080073e4                ResetUartORE
 .text.ExecuteMonitor.part.0
                0x0000000008007424      0x398 BOS\BOS_freertos.o
 .text.StartDefaultTask
                0x00000000080077bc       0x98 BOS\BOS_freertos.o
                0x00000000080077bc                StartDefaultTask
 .text.MX_FREERTOS_Init
                0x0000000008007854      0x1bc BOS\BOS_freertos.o
                0x0000000008007854                MX_FREERTOS_Init
 .text.vMainConfigureTimerForRunTimeStats
                0x0000000008007a10       0x20 BOS\BOS_freertos.o
                0x0000000008007a10                vMainConfigureTimerForRunTimeStats
 .text.ulMainGetRunTimeCounterValue
                0x0000000008007a30       0x4c BOS\BOS_freertos.o
                0x0000000008007a30                ulMainGetRunTimeCounterValue
 .text.StreamTimerCallback
                0x0000000008007a7c       0x18 BOS\BOS_messaging.o
                0x0000000008007a7c                StreamTimerCallback
 .text.SetupDMAStreams
                0x0000000008007a94      0x19c BOS\BOS_messaging.o
                0x0000000008007a94                SetupDMAStreams
 .text.NotifyMessagingTask
                0x0000000008007c30       0x50 BOS\BOS_messaging.o
                0x0000000008007c30                NotifyMessagingTask
 .text.SendMessageFromPort
                0x0000000008007c80       0x2c BOS\BOS_messaging.o
                0x0000000008007c80                SendMessageFromPort
 .text.SendMessageFromPort.part.0
                0x0000000008007cac      0x428 BOS\BOS_messaging.o
 .text.BroadcastReceivedMessage
                0x00000000080080d4       0x3c BOS\BOS_messaging.o
                0x00000000080080d4                BroadcastReceivedMessage
 .text.BroadcastMessage
                0x0000000008008110       0x4c BOS\BOS_messaging.o
                0x0000000008008110                BroadcastMessage
 .text.ForwardReceivedMessage
                0x000000000800815c       0x40 BOS\BOS_messaging.o
                0x000000000800815c                ForwardReceivedMessage
 .text.SendMessageToModule
                0x000000000800819c       0x4c BOS\BOS_messaging.o
                0x000000000800819c                SendMessageToModule
 .text.StartScastDMAStream
                0x00000000080081e8      0x18c BOS\BOS_messaging.o
                0x00000000080081e8                StartScastDMAStream
 .text.BackEndTask
                0x0000000008008374      0x158 BOS\BOS_msgparser.o
                0x0000000008008374                BackEndTask
 .text.User_MessagingParser
                0x00000000080084cc        0x4 BOS\BOS_msgparser.o
                0x00000000080084cc                User_MessagingParser
 .text.PxMessagingTask
                0x00000000080084d0     0x1628 BOS\BOS_msgparser.o
                0x00000000080084d0                PxMessagingTask
 .text.SystemClock_Config
                0x0000000008009af8       0xbc HxxRx\HxxRx.o
                0x0000000008009af8                SystemClock_Config
 .text.SaveToRO
                0x0000000008009bb4      0x208 HxxRx\HxxRx.o
                0x0000000008009bb4                SaveToRO
 .text.ClearROtopology
                0x0000000008009dbc       0x2c HxxRx\HxxRx.o
                0x0000000008009dbc                ClearROtopology
 .text.SetupPortForRemoteBootloaderUpdate
                0x0000000008009de8       0x2c HxxRx\HxxRx.o
                0x0000000008009de8                SetupPortForRemoteBootloaderUpdate
 .text.remoteBootloaderUpdate
                0x0000000008009e14       0xc4 HxxRx\HxxRx.o
                0x0000000008009e14                remoteBootloaderUpdate
 .text.Module_Peripheral_Init
                0x0000000008009ed8       0x1c HxxRx\HxxRx.o
                0x0000000008009ed8                Module_Peripheral_Init
 .text.Module_MessagingTask
                0x0000000008009ef4        0x4 HxxRx\HxxRx.o
                0x0000000008009ef4                Module_MessagingTask
 .text.GetPort  0x0000000008009ef8       0x60 HxxRx\HxxRx.o
                0x0000000008009ef8                GetPort
 .text.RegisterModuleCLICommands
                0x0000000008009f58        0x4 HxxRx\HxxRx.o
                0x0000000008009f58                RegisterModuleCLICommands
 .text.DMA_Init
                0x0000000008009f5c      0x1a8 HxxRx\HxxRx_dma.o
                0x0000000008009f5c                DMA_Init
 .text.StopStreamDMA
                0x000000000800a104       0x30 HxxRx\HxxRx_dma.o
                0x000000000800a104                StopStreamDMA
 .text.SwitchMsgDMAToStream
                0x000000000800a134       0x40 HxxRx\HxxRx_dma.o
                0x000000000800a134                SwitchMsgDMAToStream
 .text.SetupDMAInterrupts
                0x000000000800a174       0xbc HxxRx\HxxRx_dma.o
                0x000000000800a174                SetupDMAInterrupts
 .text.DMA_MSG_RX_Setup
                0x000000000800a230       0x28 HxxRx\HxxRx_dma.o
                0x000000000800a230                DMA_MSG_RX_Setup
 .text.SetupMessagingRxDMAs
                0x000000000800a258       0x94 HxxRx\HxxRx_dma.o
                0x000000000800a258                SetupMessagingRxDMAs
 .text.SwitchStreamDMAToMsg
                0x000000000800a2ec       0x98 HxxRx\HxxRx_dma.o
                0x000000000800a2ec                SwitchStreamDMAToMsg
 .text.DMA_STREAM_Setup
                0x000000000800a384       0x28 HxxRx\HxxRx_dma.o
                0x000000000800a384                DMA_STREAM_Setup
 .text.UnSetupDMAInterrupts
                0x000000000800a3ac       0xa4 HxxRx\HxxRx_dma.o
                0x000000000800a3ac                UnSetupDMAInterrupts
 .text.DMA_MSG_TX_UnSetup
                0x000000000800a450       0x14 HxxRx\HxxRx_dma.o
                0x000000000800a450                DMA_MSG_TX_UnSetup
 .text.CRC_Init
                0x000000000800a464       0x28 HxxRx\HxxRx_dma.o
                0x000000000800a464                CRC_Init
 .text.HAL_CRC_MspInit
                0x000000000800a48c       0x20 HxxRx\HxxRx_dma.o
                0x000000000800a48c                HAL_CRC_MspInit
 .text.CalculateCRC8
                0x000000000800a4ac       0x8c HxxRx\HxxRx_dma.o
                0x000000000800a4ac                CalculateCRC8
 .text.EE_VerifyPageFullWriteVariable.isra.0
                0x000000000800a538       0xa0 HxxRx\HxxRx_eeprom.o
 .text.EE_ReadVariable
                0x000000000800a5d8       0x58 HxxRx\HxxRx_eeprom.o
                0x000000000800a5d8                EE_ReadVariable
 .text.EE_WriteVariable
                0x000000000800a630       0xfc HxxRx\HxxRx_eeprom.o
                0x000000000800a630                EE_WriteVariable
 .text.EE_Format
                0x000000000800a72c       0xa0 HxxRx\HxxRx_eeprom.o
                0x000000000800a72c                EE_Format
 .text.EE_Init  0x000000000800a7cc      0x2a0 HxxRx\HxxRx_eeprom.o
                0x000000000800a7cc                EE_Init
 .text.EraseSector
                0x000000000800aa6c       0x30 HxxRx\HxxRx_eeprom.o
                0x000000000800aa6c                EraseSector
 .text.GPIO_Init
                0x000000000800aa9c       0x78 HxxRx\HxxRx_gpio.o
                0x000000000800aa9c                GPIO_Init
 .text.GetPortGPIOs
                0x000000000800ab14       0xc0 HxxRx\HxxRx_gpio.o
                0x000000000800ab14                GetPortGPIOs
 .text.IsFactoryReset
                0x000000000800abd4       0xe4 HxxRx\HxxRx_gpio.o
                0x000000000800abd4                IsFactoryReset
 .text.buttonPressedCallback
                0x000000000800acb8        0x4 HxxRx\HxxRx_inputs.o
                0x000000000800acb8                buttonPressedCallback
 .text.AddPortButton
                0x000000000800acbc       0xf4 HxxRx\HxxRx_inputs.o
                0x000000000800acbc                AddPortButton
 .text.RemovePortButton
                0x000000000800adb0      0x100 HxxRx\HxxRx_inputs.o
                0x000000000800adb0                RemovePortButton
 .text.SetButtonEvents
                0x000000000800aeb0      0x1cc HxxRx\HxxRx_inputs.o
                0x000000000800aeb0                SetButtonEvents
 .text.MX_ADC_Init
                0x000000000800b07c       0x58 HxxRx\HxxRx_inputs.o
                0x000000000800b07c                MX_ADC_Init
 .text.HAL_ADC_MspInit
                0x000000000800b0d4       0x60 HxxRx\HxxRx_inputs.o
                0x000000000800b0d4                HAL_ADC_MspInit
 .text.ReadTempAndVref
                0x000000000800b134      0x19c HxxRx\HxxRx_inputs.o
                0x000000000800b134                ReadTempAndVref
 .text.GetReadPrecentage
                0x000000000800b2d0      0x1bc HxxRx\HxxRx_inputs.o
                0x000000000800b2d0                GetReadPrecentage
 .text.Error_Handler
                0x000000000800b48c        0xc HxxRx\HxxRx_inputs.o
                0x000000000800b48c                Error_Handler
 .text.Get_Rank
                0x000000000800b498       0x58 HxxRx\HxxRx_inputs.o
                0x000000000800b498                Get_Rank
 .text.ADCSelectChannel
                0x000000000800b4f0       0xac HxxRx\HxxRx_inputs.o
                0x000000000800b4f0                ADCSelectChannel
 .text.ReadADCChannel
                0x000000000800b59c      0x114 HxxRx\HxxRx_inputs.o
                0x000000000800b59c                ReadADCChannel
 .text.buttonReleasedCallback
                0x000000000800b6b0        0x4 HxxRx\HxxRx_inputs.o
                0x000000000800b6b0                buttonReleasedCallback
 .text.buttonClickedCallback
                0x000000000800b6b4        0x4 HxxRx\HxxRx_inputs.o
                0x000000000800b6b4                buttonClickedCallback
 .text.buttonDblClickedCallback
                0x000000000800b6b8        0x4 HxxRx\HxxRx_inputs.o
                0x000000000800b6b8                buttonDblClickedCallback
 .text.buttonPressedForXCallback
                0x000000000800b6bc        0x4 HxxRx\HxxRx_inputs.o
                0x000000000800b6bc                buttonPressedForXCallback
 .text.buttonReleasedForYCallback
                0x000000000800b6c0        0x4 HxxRx\HxxRx_inputs.o
                0x000000000800b6c0                buttonReleasedForYCallback
 .text.CheckAttachedButtons
                0x000000000800b6c4      0x538 HxxRx\HxxRx_inputs.o
                0x000000000800b6c4                CheckAttachedButtons
 .text.__NVIC_SystemReset
                0x000000000800bbfc       0x1c HxxRx\HxxRx_it.o
 .text.SysTick_Handler
                0x000000000800bc18        0xc HxxRx\HxxRx_it.o
                0x000000000800bc18                SysTick_Handler
 .text.HardFault_Handler
                0x000000000800bc24       0x38 HxxRx\HxxRx_it.o
                0x000000000800bc24                HardFault_Handler
 .text.USART1_IRQHandler
                0x000000000800bc5c       0x10 HxxRx\HxxRx_it.o
                0x000000000800bc5c                USART1_IRQHandler
 .text.USART2_LPUART2_IRQHandler
                0x000000000800bc6c       0x10 HxxRx\HxxRx_it.o
                0x000000000800bc6c                USART2_LPUART2_IRQHandler
 .text.USART3_4_5_6_LPUART1_IRQHandler
                0x000000000800bc7c       0x2c HxxRx\HxxRx_it.o
                0x000000000800bc7c                USART3_4_5_6_LPUART1_IRQHandler
 .text.HAL_UART_TxCpltCallback
                0x000000000800bca8       0x30 HxxRx\HxxRx_it.o
                0x000000000800bca8                HAL_UART_TxCpltCallback
 .text.HAL_UART_ErrorCallback
                0x000000000800bcd8       0x4c HxxRx\HxxRx_it.o
                0x000000000800bcd8                HAL_UART_ErrorCallback
 .text.HAL_UART_RxCpltCallback
                0x000000000800bd24      0x1d0 HxxRx\HxxRx_it.o
                0x000000000800bd24                HAL_UART_RxCpltCallback
 .text.vApplicationStackOverflowHook
                0x000000000800bef4       0x38 HxxRx\HxxRx_it.o
                0x000000000800bef4                vApplicationStackOverflowHook
 .text.vApplicationMallocFailedHook
                0x000000000800bf2c       0x38 HxxRx\HxxRx_it.o
                0x000000000800bf2c                vApplicationMallocFailedHook
 .text.RTC_CalendarConfig
                0x000000000800bf64      0x100 HxxRx\HxxRx_rtc.o
                0x000000000800bf64                RTC_CalendarConfig
 .text.RTC_Init
                0x000000000800c064       0x90 HxxRx\HxxRx_rtc.o
                0x000000000800c064                RTC_Init
 .text.BOS_CalendarConfig
                0x000000000800c0f4       0xbc HxxRx\HxxRx_rtc.o
                0x000000000800c0f4                BOS_CalendarConfig
 .text.GetTimeDate
                0x000000000800c1b0       0x64 HxxRx\HxxRx_rtc.o
                0x000000000800c1b0                GetTimeDate
 .text.TIM_USEC_Init
                0x000000000800c214       0x50 HxxRx\HxxRx_timers.o
                0x000000000800c214                TIM_USEC_Init
 .text.TIM_MSEC_Init
                0x000000000800c264       0x54 HxxRx\HxxRx_timers.o
                0x000000000800c264                TIM_MSEC_Init
 .text.StartMicroDelay
                0x000000000800c2b8       0x24 HxxRx\HxxRx_timers.o
                0x000000000800c2b8                StartMicroDelay
 .text.StartMilliDelay
                0x000000000800c2dc       0x24 HxxRx\HxxRx_timers.o
                0x000000000800c2dc                StartMilliDelay
 .text.SwapUartPins.part.0
                0x000000000800c300       0x38 HxxRx\HxxRx_uart.o
 .text.MX_USART1_UART_Init
                0x000000000800c338       0x30 HxxRx\HxxRx_uart.o
                0x000000000800c338                MX_USART1_UART_Init
 .text.MX_USART2_UART_Init
                0x000000000800c368       0x30 HxxRx\HxxRx_uart.o
                0x000000000800c368                MX_USART2_UART_Init
 .text.MX_USART3_UART_Init
                0x000000000800c398       0x30 HxxRx\HxxRx_uart.o
                0x000000000800c398                MX_USART3_UART_Init
 .text.MX_USART4_UART_Init
                0x000000000800c3c8       0x30 HxxRx\HxxRx_uart.o
                0x000000000800c3c8                MX_USART4_UART_Init
 .text.MX_USART5_UART_Init
                0x000000000800c3f8       0x30 HxxRx\HxxRx_uart.o
                0x000000000800c3f8                MX_USART5_UART_Init
 .text.MX_USART6_UART_Init
                0x000000000800c428       0x30 HxxRx\HxxRx_uart.o
                0x000000000800c428                MX_USART6_UART_Init
 .text.HAL_UART_MspInit
                0x000000000800c458      0x248 HxxRx\HxxRx_uart.o
                0x000000000800c458                HAL_UART_MspInit
 .text.writePxMutex
                0x000000000800c6a0       0x6c HxxRx\HxxRx_uart.o
                0x000000000800c6a0                writePxMutex
 .text.writePxITMutex
                0x000000000800c70c       0x40 HxxRx\HxxRx_uart.o
                0x000000000800c70c                writePxITMutex
 .text.UpdateBaudrate
                0x000000000800c74c       0x24 HxxRx\HxxRx_uart.o
                0x000000000800c74c                UpdateBaudrate
 .text.GetUart  0x000000000800c770       0x18 HxxRx\HxxRx_uart.o
                0x000000000800c770                GetUart
 .text.SwapUartPins
                0x000000000800c788       0x4c HxxRx\HxxRx_uart.o
                0x000000000800c788                SwapUartPins
 .text.ReadPortsDir
                0x000000000800c7d4       0x58 HxxRx\HxxRx_uart.o
                0x000000000800c7d4                ReadPortsDir
 .text.ReadPortsDirMSG
                0x000000000800c82c       0x40 HxxRx\HxxRx_uart.o
                0x000000000800c82c                ReadPortsDirMSG
 .text.UpdateMyPortsDir
                0x000000000800c86c       0x60 HxxRx\HxxRx_uart.o
                0x000000000800c86c                UpdateMyPortsDir
 .text.Reset_Handler
                0x000000000800c8cc       0x50 HxxRx\startup_stm32g0b1retx.o
                0x000000000800c8cc                Reset_Handler
 .text.Default_Handler
                0x000000000800c91c        0x2 HxxRx\startup_stm32g0b1retx.o
                0x000000000800c91c                I2C2_3_IRQHandler
                0x000000000800c91c                TIM1_CC_IRQHandler
                0x000000000800c91c                ADC1_COMP_IRQHandler
                0x000000000800c91c                NMI_Handler
                0x000000000800c91c                I2C1_IRQHandler
                0x000000000800c91c                TIM7_LPTIM2_IRQHandler
                0x000000000800c91c                TIM17_FDCAN_IT1_IRQHandler
                0x000000000800c91c                DMA1_Ch4_7_DMA2_Ch1_5_DMAMUX1_OVR_IRQHandler
                0x000000000800c91c                RCC_CRS_IRQHandler
                0x000000000800c91c                RTC_TAMP_IRQHandler
                0x000000000800c91c                SPI1_IRQHandler
                0x000000000800c91c                USB_UCPD1_2_IRQHandler
                0x000000000800c91c                EXTI2_3_IRQHandler
                0x000000000800c91c                PVD_VDDIO2_IRQHandler
                0x000000000800c91c                EXTI4_15_IRQHandler
                0x000000000800c91c                DMA1_Channel1_IRQHandler
                0x000000000800c91c                Default_Handler
                0x000000000800c91c                CEC_IRQHandler
                0x000000000800c91c                TIM14_IRQHandler
                0x000000000800c91c                TIM15_IRQHandler
                0x000000000800c91c                TIM3_TIM4_IRQHandler
                0x000000000800c91c                EXTI0_1_IRQHandler
                0x000000000800c91c                SPI2_3_IRQHandler
                0x000000000800c91c                TIM6_DAC_LPTIM1_IRQHandler
                0x000000000800c91c                WWDG_IRQHandler
                0x000000000800c91c                TIM2_IRQHandler
                0x000000000800c91c                DMA1_Channel2_3_IRQHandler
                0x000000000800c91c                FLASH_IRQHandler
                0x000000000800c91c                TIM16_FDCAN_IT0_IRQHandler
                0x000000000800c91c                TIM1_BRK_UP_TRG_COM_IRQHandler
 *fill*         0x000000000800c91e        0x2 
 .text.SystemInit
                0x000000000800c920        0x4 Thirdparty\CMSIS\STM32G0xx\Device\ST\STM32G0xx\Source\Templates\system_stm32g0xx.o
                0x000000000800c920                SystemInit
 .text.osKernelStart
                0x000000000800c924        0xc Thirdparty\Middleware\STM32G0xx\FreeRTOS\Source\CMSIS_RTOS\cmsis_os.o
                0x000000000800c924                osKernelStart
 .text.osDelay  0x000000000800c930       0x10 Thirdparty\Middleware\STM32G0xx\FreeRTOS\Source\CMSIS_RTOS\cmsis_os.o
                0x000000000800c930                osDelay
 .text.osMutexRelease
                0x000000000800c940       0x48 Thirdparty\Middleware\STM32G0xx\FreeRTOS\Source\CMSIS_RTOS\cmsis_os.o
                0x000000000800c940                osMutexRelease
 .text.osSemaphoreCreate
                0x000000000800c988       0x2c Thirdparty\Middleware\STM32G0xx\FreeRTOS\Source\CMSIS_RTOS\cmsis_os.o
                0x000000000800c988                osSemaphoreCreate
 .text.osSemaphoreWait
                0x000000000800c9b4       0x4c Thirdparty\Middleware\STM32G0xx\FreeRTOS\Source\CMSIS_RTOS\cmsis_os.o
                0x000000000800c9b4                osSemaphoreWait
 .text.osSemaphoreRelease
                0x000000000800ca00        0x8 Thirdparty\Middleware\STM32G0xx\FreeRTOS\Source\CMSIS_RTOS\cmsis_os.o
                0x000000000800ca00                osSemaphoreRelease
 .text.osSystickHandler
                0x000000000800ca08       0x10 Thirdparty\Middleware\STM32G0xx\FreeRTOS\Source\CMSIS_RTOS\cmsis_os.o
                0x000000000800ca08                osSystickHandler
 .text.FreeRTOS_CLIRegisterCommand
                0x000000000800ca18       0x30 Thirdparty\Middleware\STM32G0xx\FreeRTOS\Source\FreeRTOS_CLI.o
                0x000000000800ca18                FreeRTOS_CLIRegisterCommand
 .text.FreeRTOS_CLIProcessCommand
                0x000000000800ca48      0x108 Thirdparty\Middleware\STM32G0xx\FreeRTOS\Source\FreeRTOS_CLI.o
                0x000000000800ca48                FreeRTOS_CLIProcessCommand
 .text.FreeRTOS_CLIGetOutputBuffer
                0x000000000800cb50        0x8 Thirdparty\Middleware\STM32G0xx\FreeRTOS\Source\FreeRTOS_CLI.o
                0x000000000800cb50                FreeRTOS_CLIGetOutputBuffer
 .text.FreeRTOS_CLIGetParameter
                0x000000000800cb58       0x54 Thirdparty\Middleware\STM32G0xx\FreeRTOS\Source\FreeRTOS_CLI.o
                0x000000000800cb58                FreeRTOS_CLIGetParameter
 .text.prvHelpCommand
                0x000000000800cbac      0x104 Thirdparty\Middleware\STM32G0xx\FreeRTOS\Source\FreeRTOS_CLI.o
 .text.vListInitialise
                0x000000000800ccb0       0x18 Thirdparty\Middleware\STM32G0xx\FreeRTOS\Source\list.o
                0x000000000800ccb0                vListInitialise
 .text.vListInitialiseItem
                0x000000000800ccc8        0x8 Thirdparty\Middleware\STM32G0xx\FreeRTOS\Source\list.o
                0x000000000800ccc8                vListInitialiseItem
 .text.vListInsertEnd
                0x000000000800ccd0       0x18 Thirdparty\Middleware\STM32G0xx\FreeRTOS\Source\list.o
                0x000000000800ccd0                vListInsertEnd
 .text.vListInsert
                0x000000000800cce8       0x30 Thirdparty\Middleware\STM32G0xx\FreeRTOS\Source\list.o
                0x000000000800cce8                vListInsert
 .text.uxListRemove
                0x000000000800cd18       0x24 Thirdparty\Middleware\STM32G0xx\FreeRTOS\Source\list.o
                0x000000000800cd18                uxListRemove
 .text.prvTaskExitError
                0x000000000800cd3c       0x14 Thirdparty\Middleware\STM32G0xx\FreeRTOS\Source\portable\GCC\ARM_CM0\port.o
 .text.vPortStartFirstTask
                0x000000000800cd50       0x34 Thirdparty\Middleware\STM32G0xx\FreeRTOS\Source\portable\GCC\ARM_CM0\port.o
 .text.pxPortInitialiseStack
                0x000000000800cd84       0x20 Thirdparty\Middleware\STM32G0xx\FreeRTOS\Source\portable\GCC\ARM_CM0\port.o
                0x000000000800cd84                pxPortInitialiseStack
 .text.SVC_Handler
                0x000000000800cda4        0x4 Thirdparty\Middleware\STM32G0xx\FreeRTOS\Source\portable\GCC\ARM_CM0\port.o
                0x000000000800cda4                SVC_Handler
 .text.vPortYield
                0x000000000800cda8       0x18 Thirdparty\Middleware\STM32G0xx\FreeRTOS\Source\portable\GCC\ARM_CM0\port.o
                0x000000000800cda8                vPortYield
 .text.vPortEnterCritical
                0x000000000800cdc0       0x18 Thirdparty\Middleware\STM32G0xx\FreeRTOS\Source\portable\GCC\ARM_CM0\port.o
                0x000000000800cdc0                vPortEnterCritical
 .text.vPortExitCritical
                0x000000000800cdd8       0x14 Thirdparty\Middleware\STM32G0xx\FreeRTOS\Source\portable\GCC\ARM_CM0\port.o
                0x000000000800cdd8                vPortExitCritical
 .text.ulSetInterruptMaskFromISR
                0x000000000800cdec        0x8 Thirdparty\Middleware\STM32G0xx\FreeRTOS\Source\portable\GCC\ARM_CM0\port.o
                0x000000000800cdec                ulSetInterruptMaskFromISR
 .text.vClearInterruptMaskFromISR
                0x000000000800cdf4        0x8 Thirdparty\Middleware\STM32G0xx\FreeRTOS\Source\portable\GCC\ARM_CM0\port.o
                0x000000000800cdf4                vClearInterruptMaskFromISR
 *fill*         0x000000000800cdfc        0x4 
 .text.PendSV_Handler
                0x000000000800ce00       0x44 Thirdparty\Middleware\STM32G0xx\FreeRTOS\Source\portable\GCC\ARM_CM0\port.o
                0x000000000800ce00                PendSV_Handler
 .text.xPortSysTickHandler
                0x000000000800ce44       0x24 Thirdparty\Middleware\STM32G0xx\FreeRTOS\Source\portable\GCC\ARM_CM0\port.o
                0x000000000800ce44                xPortSysTickHandler
 .text.vPortSetupTimerInterrupt
                0x000000000800ce68       0x34 Thirdparty\Middleware\STM32G0xx\FreeRTOS\Source\portable\GCC\ARM_CM0\port.o
                0x000000000800ce68                vPortSetupTimerInterrupt
 .text.xPortStartScheduler
                0x000000000800ce9c       0x44 Thirdparty\Middleware\STM32G0xx\FreeRTOS\Source\portable\GCC\ARM_CM0\port.o
                0x000000000800ce9c                xPortStartScheduler
 .text.prvInsertBlockIntoFreeList
                0x000000000800cee0       0x4c Thirdparty\Middleware\STM32G0xx\FreeRTOS\Source\portable\MemMang\heap_4.o
 .text.pvPortMalloc
                0x000000000800cf2c       0xf4 Thirdparty\Middleware\STM32G0xx\FreeRTOS\Source\portable\MemMang\heap_4.o
                0x000000000800cf2c                pvPortMalloc
 .text.vPortFree
                0x000000000800d020       0x44 Thirdparty\Middleware\STM32G0xx\FreeRTOS\Source\portable\MemMang\heap_4.o
                0x000000000800d020                vPortFree
 .text.prvCopyDataToQueue
                0x000000000800d064       0x78 Thirdparty\Middleware\STM32G0xx\FreeRTOS\Source\queue.o
 .text.prvCopyDataFromQueue
                0x000000000800d0dc       0x24 Thirdparty\Middleware\STM32G0xx\FreeRTOS\Source\queue.o
 .text.prvUnlockQueue
                0x000000000800d100       0x94 Thirdparty\Middleware\STM32G0xx\FreeRTOS\Source\queue.o
 .text.xQueueGenericReset
                0x000000000800d194       0x64 Thirdparty\Middleware\STM32G0xx\FreeRTOS\Source\queue.o
                0x000000000800d194                xQueueGenericReset
 .text.xQueueGenericCreate
                0x000000000800d1f8       0x38 Thirdparty\Middleware\STM32G0xx\FreeRTOS\Source\queue.o
                0x000000000800d1f8                xQueueGenericCreate
 .text.xQueueCreateCountingSemaphore
                0x000000000800d230       0x14 Thirdparty\Middleware\STM32G0xx\FreeRTOS\Source\queue.o
                0x000000000800d230                xQueueCreateCountingSemaphore
 .text.xQueueGenericSend
                0x000000000800d244      0x10c Thirdparty\Middleware\STM32G0xx\FreeRTOS\Source\queue.o
                0x000000000800d244                xQueueGenericSend
 .text.xQueueGenericSendFromISR
                0x000000000800d350       0x80 Thirdparty\Middleware\STM32G0xx\FreeRTOS\Source\queue.o
                0x000000000800d350                xQueueGenericSendFromISR
 .text.xQueueGiveFromISR
                0x000000000800d3d0       0x54 Thirdparty\Middleware\STM32G0xx\FreeRTOS\Source\queue.o
                0x000000000800d3d0                xQueueGiveFromISR
 .text.xQueueReceive
                0x000000000800d424      0x10c Thirdparty\Middleware\STM32G0xx\FreeRTOS\Source\queue.o
                0x000000000800d424                xQueueReceive
 .text.xQueueSemaphoreTake
                0x000000000800d530      0x150 Thirdparty\Middleware\STM32G0xx\FreeRTOS\Source\queue.o
                0x000000000800d530                xQueueSemaphoreTake
 .text.xQueueReceiveFromISR
                0x000000000800d680       0x7c Thirdparty\Middleware\STM32G0xx\FreeRTOS\Source\queue.o
                0x000000000800d680                xQueueReceiveFromISR
 .text.vQueueAddToRegistry
                0x000000000800d6fc       0x28 Thirdparty\Middleware\STM32G0xx\FreeRTOS\Source\queue.o
                0x000000000800d6fc                vQueueAddToRegistry
 .text.vQueueWaitForMessageRestricted
                0x000000000800d724       0x48 Thirdparty\Middleware\STM32G0xx\FreeRTOS\Source\queue.o
                0x000000000800d724                vQueueWaitForMessageRestricted
 .text.prvIdleTask
                0x000000000800d76c       0x4c Thirdparty\Middleware\STM32G0xx\FreeRTOS\Source\tasks.o
 .text.prvWriteNameToBuffer
                0x000000000800d7b8       0x2c Thirdparty\Middleware\STM32G0xx\FreeRTOS\Source\tasks.o
 .text.prvResetNextTaskUnblockTime.part.0
                0x000000000800d7e4       0x14 Thirdparty\Middleware\STM32G0xx\FreeRTOS\Source\tasks.o
 .text.prvAddCurrentTaskToDelayedList
                0x000000000800d7f8       0x58 Thirdparty\Middleware\STM32G0xx\FreeRTOS\Source\tasks.o
 .text.xTaskIncrementTick.part.0
                0x000000000800d850       0xec Thirdparty\Middleware\STM32G0xx\FreeRTOS\Source\tasks.o
 .text.vTaskSwitchContext.part.0
                0x000000000800d93c       0x8c Thirdparty\Middleware\STM32G0xx\FreeRTOS\Source\tasks.o
 .text.xTaskCreate
                0x000000000800d9c8      0x1d0 Thirdparty\Middleware\STM32G0xx\FreeRTOS\Source\tasks.o
                0x000000000800d9c8                xTaskCreate
 .text.eTaskGetState
                0x000000000800db98       0x6c Thirdparty\Middleware\STM32G0xx\FreeRTOS\Source\tasks.o
                0x000000000800db98                eTaskGetState
 .text.uxTaskPriorityGet
                0x000000000800dc04       0x20 Thirdparty\Middleware\STM32G0xx\FreeRTOS\Source\tasks.o
                0x000000000800dc04                uxTaskPriorityGet
 .text.vTaskPrioritySet
                0x000000000800dc24       0xac Thirdparty\Middleware\STM32G0xx\FreeRTOS\Source\tasks.o
                0x000000000800dc24                vTaskPrioritySet
 .text.vTaskStartScheduler
                0x000000000800dcd0       0x54 Thirdparty\Middleware\STM32G0xx\FreeRTOS\Source\tasks.o
                0x000000000800dcd0                vTaskStartScheduler
 .text.vTaskSuspendAll
                0x000000000800dd24       0x10 Thirdparty\Middleware\STM32G0xx\FreeRTOS\Source\tasks.o
                0x000000000800dd24                vTaskSuspendAll
 .text.xTaskResumeAll
                0x000000000800dd34       0xe4 Thirdparty\Middleware\STM32G0xx\FreeRTOS\Source\tasks.o
                0x000000000800dd34                xTaskResumeAll
 .text.vTaskDelay
                0x000000000800de18       0x28 Thirdparty\Middleware\STM32G0xx\FreeRTOS\Source\tasks.o
                0x000000000800de18                vTaskDelay
 .text.xTaskGetTickCount
                0x000000000800de40        0xc Thirdparty\Middleware\STM32G0xx\FreeRTOS\Source\tasks.o
                0x000000000800de40                xTaskGetTickCount
 .text.xTaskGetTickCountFromISR
                0x000000000800de4c        0xc Thirdparty\Middleware\STM32G0xx\FreeRTOS\Source\tasks.o
                0x000000000800de4c                xTaskGetTickCountFromISR
 .text.xTaskIncrementTick
                0x000000000800de58       0x20 Thirdparty\Middleware\STM32G0xx\FreeRTOS\Source\tasks.o
                0x000000000800de58                xTaskIncrementTick
 .text.vTaskSwitchContext
                0x000000000800de78       0x20 Thirdparty\Middleware\STM32G0xx\FreeRTOS\Source\tasks.o
                0x000000000800de78                vTaskSwitchContext
 .text.vTaskPlaceOnEventList
                0x000000000800de98       0x1c Thirdparty\Middleware\STM32G0xx\FreeRTOS\Source\tasks.o
                0x000000000800de98                vTaskPlaceOnEventList
 .text.vTaskPlaceOnEventListRestricted
                0x000000000800deb4       0x28 Thirdparty\Middleware\STM32G0xx\FreeRTOS\Source\tasks.o
                0x000000000800deb4                vTaskPlaceOnEventListRestricted
 .text.xTaskRemoveFromEventList
                0x000000000800dedc       0x6c Thirdparty\Middleware\STM32G0xx\FreeRTOS\Source\tasks.o
                0x000000000800dedc                xTaskRemoveFromEventList
 .text.vTaskInternalSetTimeOutState
                0x000000000800df48       0x10 Thirdparty\Middleware\STM32G0xx\FreeRTOS\Source\tasks.o
                0x000000000800df48                vTaskInternalSetTimeOutState
 .text.xTaskCheckForTimeOut
                0x000000000800df58       0x54 Thirdparty\Middleware\STM32G0xx\FreeRTOS\Source\tasks.o
                0x000000000800df58                xTaskCheckForTimeOut
 .text.vTaskMissedYield
                0x000000000800dfac        0xc Thirdparty\Middleware\STM32G0xx\FreeRTOS\Source\tasks.o
                0x000000000800dfac                vTaskMissedYield
 .text.vTaskGetInfo
                0x000000000800dfb8       0x98 Thirdparty\Middleware\STM32G0xx\FreeRTOS\Source\tasks.o
                0x000000000800dfb8                vTaskGetInfo
 .text.prvListTasksWithinSingleList.part.0
                0x000000000800e050       0x60 Thirdparty\Middleware\STM32G0xx\FreeRTOS\Source\tasks.o
 .text.uxTaskGetSystemState
                0x000000000800e0b0       0xec Thirdparty\Middleware\STM32G0xx\FreeRTOS\Source\tasks.o
                0x000000000800e0b0                uxTaskGetSystemState
 .text.xTaskGetSchedulerState
                0x000000000800e19c       0x18 Thirdparty\Middleware\STM32G0xx\FreeRTOS\Source\tasks.o
                0x000000000800e19c                xTaskGetSchedulerState
 .text.xTaskPriorityInherit
                0x000000000800e1b4       0x80 Thirdparty\Middleware\STM32G0xx\FreeRTOS\Source\tasks.o
                0x000000000800e1b4                xTaskPriorityInherit
 .text.xTaskPriorityDisinherit
                0x000000000800e234       0x54 Thirdparty\Middleware\STM32G0xx\FreeRTOS\Source\tasks.o
                0x000000000800e234                xTaskPriorityDisinherit
 .text.vTaskPriorityDisinheritAfterTimeout
                0x000000000800e288       0x70 Thirdparty\Middleware\STM32G0xx\FreeRTOS\Source\tasks.o
                0x000000000800e288                vTaskPriorityDisinheritAfterTimeout
 .text.vTaskList
                0x000000000800e2f8       0x9c Thirdparty\Middleware\STM32G0xx\FreeRTOS\Source\tasks.o
                0x000000000800e2f8                vTaskList
 .text.vTaskGetRunTimeStats
                0x000000000800e394       0xcc Thirdparty\Middleware\STM32G0xx\FreeRTOS\Source\tasks.o
                0x000000000800e394                vTaskGetRunTimeStats
 .text.pvTaskIncrementMutexHeldCount
                0x000000000800e460       0x18 Thirdparty\Middleware\STM32G0xx\FreeRTOS\Source\tasks.o
                0x000000000800e460                pvTaskIncrementMutexHeldCount
 .text.ulTaskNotifyTake
                0x000000000800e478       0x60 Thirdparty\Middleware\STM32G0xx\FreeRTOS\Source\tasks.o
                0x000000000800e478                ulTaskNotifyTake
 .text.xTaskGenericNotify
                0x000000000800e4d8       0x9c Thirdparty\Middleware\STM32G0xx\FreeRTOS\Source\tasks.o
                0x000000000800e4d8                xTaskGenericNotify
 .text.prvCheckForValidListAndQueue
                0x000000000800e574       0x4c Thirdparty\Middleware\STM32G0xx\FreeRTOS\Source\timers.o
 .text.prvInsertTimerInActiveList
                0x000000000800e5c0       0x44 Thirdparty\Middleware\STM32G0xx\FreeRTOS\Source\timers.o
 .text.xTimerCreateTimerTask
                0x000000000800e604       0x38 Thirdparty\Middleware\STM32G0xx\FreeRTOS\Source\timers.o
                0x000000000800e604                xTimerCreateTimerTask
 .text.xTimerCreate
                0x000000000800e63c       0x54 Thirdparty\Middleware\STM32G0xx\FreeRTOS\Source\timers.o
                0x000000000800e63c                xTimerCreate
 .text.xTimerGenericCommand
                0x000000000800e690       0x54 Thirdparty\Middleware\STM32G0xx\FreeRTOS\Source\timers.o
                0x000000000800e690                xTimerGenericCommand
 .text.prvSwitchTimerLists
                0x000000000800e6e4       0x74 Thirdparty\Middleware\STM32G0xx\FreeRTOS\Source\timers.o
 .text.prvTimerTask
                0x000000000800e758      0x1e0 Thirdparty\Middleware\STM32G0xx\FreeRTOS\Source\timers.o
 .text.pvTimerGetTimerID
                0x000000000800e938       0x14 Thirdparty\Middleware\STM32G0xx\FreeRTOS\Source\timers.o
                0x000000000800e938                pvTimerGetTimerID
 .text.HAL_InitTick
                0x000000000800e94c       0x48 Thirdparty\STM32G0xx_HAL_Driver\Src\stm32g0xx_hal.o
                0x000000000800e94c                HAL_InitTick
 .text.HAL_Init
                0x000000000800e994       0x28 Thirdparty\STM32G0xx_HAL_Driver\Src\stm32g0xx_hal.o
                0x000000000800e994                HAL_Init
 .text.HAL_IncTick
                0x000000000800e9bc       0x18 Thirdparty\STM32G0xx_HAL_Driver\Src\stm32g0xx_hal.o
                0x000000000800e9bc                HAL_IncTick
 .text.HAL_GetTick
                0x000000000800e9d4        0xc Thirdparty\STM32G0xx_HAL_Driver\Src\stm32g0xx_hal.o
                0x000000000800e9d4                HAL_GetTick
 .text.HAL_Delay
                0x000000000800e9e0       0x24 Thirdparty\STM32G0xx_HAL_Driver\Src\stm32g0xx_hal.o
                0x000000000800e9e0                HAL_Delay
 .text.HAL_GetREVID
                0x000000000800ea04        0xc Thirdparty\STM32G0xx_HAL_Driver\Src\stm32g0xx_hal.o
                0x000000000800ea04                HAL_GetREVID
 .text.HAL_GetDEVID
                0x000000000800ea10       0x10 Thirdparty\STM32G0xx_HAL_Driver\Src\stm32g0xx_hal.o
                0x000000000800ea10                HAL_GetDEVID
 .text.HAL_ADC_Init
                0x000000000800ea20      0x244 Thirdparty\STM32G0xx_HAL_Driver\Src\stm32g0xx_hal_adc.o
                0x000000000800ea20                HAL_ADC_Init
 .text.HAL_ADC_PollForConversion
                0x000000000800ec64       0xd0 Thirdparty\STM32G0xx_HAL_Driver\Src\stm32g0xx_hal_adc.o
                0x000000000800ec64                HAL_ADC_PollForConversion
 .text.HAL_ADC_GetValue
                0x000000000800ed34        0x8 Thirdparty\STM32G0xx_HAL_Driver\Src\stm32g0xx_hal_adc.o
                0x000000000800ed34                HAL_ADC_GetValue
 .text.HAL_ADC_ConfigChannel
                0x000000000800ed3c      0x274 Thirdparty\STM32G0xx_HAL_Driver\Src\stm32g0xx_hal_adc.o
                0x000000000800ed3c                HAL_ADC_ConfigChannel
 .text.ADC_ConversionStop
                0x000000000800efb0       0x74 Thirdparty\STM32G0xx_HAL_Driver\Src\stm32g0xx_hal_adc.o
                0x000000000800efb0                ADC_ConversionStop
 .text.ADC_Enable
                0x000000000800f024       0xcc Thirdparty\STM32G0xx_HAL_Driver\Src\stm32g0xx_hal_adc.o
                0x000000000800f024                ADC_Enable
 .text.HAL_ADC_Start
                0x000000000800f0f0       0x5c Thirdparty\STM32G0xx_HAL_Driver\Src\stm32g0xx_hal_adc.o
                0x000000000800f0f0                HAL_ADC_Start
 .text.ADC_Disable
                0x000000000800f14c       0x88 Thirdparty\STM32G0xx_HAL_Driver\Src\stm32g0xx_hal_adc.o
                0x000000000800f14c                ADC_Disable
 .text.HAL_ADC_Stop
                0x000000000800f1d4       0x40 Thirdparty\STM32G0xx_HAL_Driver\Src\stm32g0xx_hal_adc.o
                0x000000000800f1d4                HAL_ADC_Stop
 .text.HAL_NVIC_SetPriority
                0x000000000800f214       0x64 Thirdparty\STM32G0xx_HAL_Driver\Src\stm32g0xx_hal_cortex.o
                0x000000000800f214                HAL_NVIC_SetPriority
 .text.HAL_NVIC_EnableIRQ
                0x000000000800f278       0x18 Thirdparty\STM32G0xx_HAL_Driver\Src\stm32g0xx_hal_cortex.o
                0x000000000800f278                HAL_NVIC_EnableIRQ
 .text.HAL_NVIC_DisableIRQ
                0x000000000800f290       0x20 Thirdparty\STM32G0xx_HAL_Driver\Src\stm32g0xx_hal_cortex.o
                0x000000000800f290                HAL_NVIC_DisableIRQ
 .text.HAL_SYSTICK_Config
                0x000000000800f2b0       0x34 Thirdparty\STM32G0xx_HAL_Driver\Src\stm32g0xx_hal_cortex.o
                0x000000000800f2b0                HAL_SYSTICK_Config
 .text.CRC_Handle_8
                0x000000000800f2e4       0x64 Thirdparty\STM32G0xx_HAL_Driver\Src\stm32g0xx_hal_crc.o
 .text.CRC_Handle_16
                0x000000000800f348       0x2c Thirdparty\STM32G0xx_HAL_Driver\Src\stm32g0xx_hal_crc.o
 .text.HAL_CRC_Init
                0x000000000800f374       0x78 Thirdparty\STM32G0xx_HAL_Driver\Src\stm32g0xx_hal_crc.o
                0x000000000800f374                HAL_CRC_Init
 .text.HAL_CRC_Accumulate
                0x000000000800f3ec       0x40 Thirdparty\STM32G0xx_HAL_Driver\Src\stm32g0xx_hal_crc.o
                0x000000000800f3ec                HAL_CRC_Accumulate
 .text.HAL_CRC_Calculate
                0x000000000800f42c       0x4c Thirdparty\STM32G0xx_HAL_Driver\Src\stm32g0xx_hal_crc.o
                0x000000000800f42c                HAL_CRC_Calculate
 .text.HAL_CRCEx_Polynomial_Set
                0x000000000800f478       0x6c Thirdparty\STM32G0xx_HAL_Driver\Src\stm32g0xx_hal_crc_ex.o
                0x000000000800f478                HAL_CRCEx_Polynomial_Set
 .text.DMA_CalcDMAMUXChannelBaseAndMask
                0x000000000800f4e4       0x64 Thirdparty\STM32G0xx_HAL_Driver\Src\stm32g0xx_hal_dma.o
 .text.HAL_DMA_Init
                0x000000000800f548       0xf4 Thirdparty\STM32G0xx_HAL_Driver\Src\stm32g0xx_hal_dma.o
                0x000000000800f548                HAL_DMA_Init
 .text.HAL_DMA_Start_IT
                0x000000000800f63c       0xb8 Thirdparty\STM32G0xx_HAL_Driver\Src\stm32g0xx_hal_dma.o
                0x000000000800f63c                HAL_DMA_Start_IT
 .text.HAL_DMA_Abort
                0x000000000800f6f4       0x74 Thirdparty\STM32G0xx_HAL_Driver\Src\stm32g0xx_hal_dma.o
                0x000000000800f6f4                HAL_DMA_Abort
 .text.HAL_DMA_Abort_IT
                0x000000000800f768       0x74 Thirdparty\STM32G0xx_HAL_Driver\Src\stm32g0xx_hal_dma.o
                0x000000000800f768                HAL_DMA_Abort_IT
 .text.HAL_FLASH_Unlock
                0x000000000800f7dc       0x24 Thirdparty\STM32G0xx_HAL_Driver\Src\stm32g0xx_hal_flash.o
                0x000000000800f7dc                HAL_FLASH_Unlock
 .text.HAL_FLASH_Lock
                0x000000000800f800       0x18 Thirdparty\STM32G0xx_HAL_Driver\Src\stm32g0xx_hal_flash.o
                0x000000000800f800                HAL_FLASH_Lock
 .text.FLASH_WaitForLastOperation
                0x000000000800f818       0x6c Thirdparty\STM32G0xx_HAL_Driver\Src\stm32g0xx_hal_flash.o
                0x000000000800f818                FLASH_WaitForLastOperation
 .text.HAL_FLASH_Program
                0x000000000800f884       0x98 Thirdparty\STM32G0xx_HAL_Driver\Src\stm32g0xx_hal_flash.o
                0x000000000800f884                HAL_FLASH_Program
 .text.HAL_FLASHEx_Erase
                0x000000000800f91c       0xe0 Thirdparty\STM32G0xx_HAL_Driver\Src\stm32g0xx_hal_flash_ex.o
                0x000000000800f91c                HAL_FLASHEx_Erase
 .text.FLASH_PageErase
                0x000000000800f9fc       0x38 Thirdparty\STM32G0xx_HAL_Driver\Src\stm32g0xx_hal_flash_ex.o
                0x000000000800f9fc                FLASH_PageErase
 .text.HAL_GPIO_Init
                0x000000000800fa34      0x1f0 Thirdparty\STM32G0xx_HAL_Driver\Src\stm32g0xx_hal_gpio.o
                0x000000000800fa34                HAL_GPIO_Init
 .text.HAL_GPIO_DeInit
                0x000000000800fc24      0x128 Thirdparty\STM32G0xx_HAL_Driver\Src\stm32g0xx_hal_gpio.o
                0x000000000800fc24                HAL_GPIO_DeInit
 .text.HAL_GPIO_ReadPin
                0x000000000800fd4c        0xc Thirdparty\STM32G0xx_HAL_Driver\Src\stm32g0xx_hal_gpio.o
                0x000000000800fd4c                HAL_GPIO_ReadPin
 .text.HAL_GPIO_WritePin
                0x000000000800fd58        0xc Thirdparty\STM32G0xx_HAL_Driver\Src\stm32g0xx_hal_gpio.o
                0x000000000800fd58                HAL_GPIO_WritePin
 .text.HAL_GPIO_TogglePin
                0x000000000800fd64       0x10 Thirdparty\STM32G0xx_HAL_Driver\Src\stm32g0xx_hal_gpio.o
                0x000000000800fd64                HAL_GPIO_TogglePin
 .text.HAL_MspInit
                0x000000000800fd74        0x4 Thirdparty\STM32G0xx_HAL_Driver\Src\stm32g0xx_hal_msp_template.o
                0x000000000800fd74                HAL_MspInit
 .text.HAL_PWREx_ControlVoltageScaling
                0x000000000800fd78       0x60 Thirdparty\STM32G0xx_HAL_Driver\Src\stm32g0xx_hal_pwr_ex.o
                0x000000000800fd78                HAL_PWREx_ControlVoltageScaling
 .text.HAL_RCC_OscConfig
                0x000000000800fdd8      0x548 Thirdparty\STM32G0xx_HAL_Driver\Src\stm32g0xx_hal_rcc.o
                0x000000000800fdd8                HAL_RCC_OscConfig
 .text.HAL_RCC_GetSysClockFreq
                0x0000000008010320       0x90 Thirdparty\STM32G0xx_HAL_Driver\Src\stm32g0xx_hal_rcc.o
                0x0000000008010320                HAL_RCC_GetSysClockFreq
 .text.HAL_RCC_ClockConfig
                0x00000000080103b0      0x190 Thirdparty\STM32G0xx_HAL_Driver\Src\stm32g0xx_hal_rcc.o
                0x00000000080103b0                HAL_RCC_ClockConfig
 .text.HAL_RCC_GetPCLK1Freq
                0x0000000008010540       0x28 Thirdparty\STM32G0xx_HAL_Driver\Src\stm32g0xx_hal_rcc.o
                0x0000000008010540                HAL_RCC_GetPCLK1Freq
 .text.HAL_RCCEx_PeriphCLKConfig
                0x0000000008010568      0x2dc Thirdparty\STM32G0xx_HAL_Driver\Src\stm32g0xx_hal_rcc_ex.o
                0x0000000008010568                HAL_RCCEx_PeriphCLKConfig
 .text.HAL_RTC_MspInit
                0x0000000008010844        0x4 Thirdparty\STM32G0xx_HAL_Driver\Src\stm32g0xx_hal_rtc.o
                0x0000000008010844                HAL_RTC_MspInit
 .text.HAL_RTC_GetTime
                0x0000000008010848       0x64 Thirdparty\STM32G0xx_HAL_Driver\Src\stm32g0xx_hal_rtc.o
                0x0000000008010848                HAL_RTC_GetTime
 .text.HAL_RTC_GetDate
                0x00000000080108ac       0x5c Thirdparty\STM32G0xx_HAL_Driver\Src\stm32g0xx_hal_rtc.o
                0x00000000080108ac                HAL_RTC_GetDate
 .text.HAL_RTC_WaitForSynchro
                0x0000000008010908       0x38 Thirdparty\STM32G0xx_HAL_Driver\Src\stm32g0xx_hal_rtc.o
                0x0000000008010908                HAL_RTC_WaitForSynchro
 .text.RTC_EnterInitMode
                0x0000000008010940       0x50 Thirdparty\STM32G0xx_HAL_Driver\Src\stm32g0xx_hal_rtc.o
                0x0000000008010940                RTC_EnterInitMode
 .text.RTC_ExitInitMode
                0x0000000008010990       0x50 Thirdparty\STM32G0xx_HAL_Driver\Src\stm32g0xx_hal_rtc.o
                0x0000000008010990                RTC_ExitInitMode
 .text.HAL_RTC_Init
                0x00000000080109e0       0xbc Thirdparty\STM32G0xx_HAL_Driver\Src\stm32g0xx_hal_rtc.o
                0x00000000080109e0                HAL_RTC_Init
 .text.HAL_RTC_SetTime
                0x0000000008010a9c      0x108 Thirdparty\STM32G0xx_HAL_Driver\Src\stm32g0xx_hal_rtc.o
                0x0000000008010a9c                HAL_RTC_SetTime
 .text.HAL_RTC_SetDate
                0x0000000008010ba4       0xe8 Thirdparty\STM32G0xx_HAL_Driver\Src\stm32g0xx_hal_rtc.o
                0x0000000008010ba4                HAL_RTC_SetDate
 .text.HAL_RTCEx_BKUPWrite
                0x0000000008010c8c       0x10 Thirdparty\STM32G0xx_HAL_Driver\Src\stm32g0xx_hal_rtc_ex.o
                0x0000000008010c8c                HAL_RTCEx_BKUPWrite
 .text.HAL_RTCEx_BKUPRead
                0x0000000008010c9c       0x10 Thirdparty\STM32G0xx_HAL_Driver\Src\stm32g0xx_hal_rtc_ex.o
                0x0000000008010c9c                HAL_RTCEx_BKUPRead
 .text.HAL_TIM_Base_MspInit
                0x0000000008010cac        0x4 Thirdparty\STM32G0xx_HAL_Driver\Src\stm32g0xx_hal_tim.o
                0x0000000008010cac                HAL_TIM_Base_MspInit
 .text.HAL_TIM_Base_Start
                0x0000000008010cb0       0x70 Thirdparty\STM32G0xx_HAL_Driver\Src\stm32g0xx_hal_tim.o
                0x0000000008010cb0                HAL_TIM_Base_Start
 .text.TIM_Base_SetConfig
                0x0000000008010d20       0xa8 Thirdparty\STM32G0xx_HAL_Driver\Src\stm32g0xx_hal_tim.o
                0x0000000008010d20                TIM_Base_SetConfig
 .text.HAL_TIM_Base_Init
                0x0000000008010dc8       0x60 Thirdparty\STM32G0xx_HAL_Driver\Src\stm32g0xx_hal_tim.o
                0x0000000008010dc8                HAL_TIM_Base_Init
 .text.UART_EndRxTransfer
                0x0000000008010e28       0x64 Thirdparty\STM32G0xx_HAL_Driver\Src\stm32g0xx_hal_uart.o
 .text.UART_TxISR_8BIT.part.0
                0x0000000008010e8c       0x34 Thirdparty\STM32G0xx_HAL_Driver\Src\stm32g0xx_hal_uart.o
 .text.UART_TxISR_8BIT
                0x0000000008010ec0       0x30 Thirdparty\STM32G0xx_HAL_Driver\Src\stm32g0xx_hal_uart.o
 .text.UART_TxISR_16BIT
                0x0000000008010ef0       0x34 Thirdparty\STM32G0xx_HAL_Driver\Src\stm32g0xx_hal_uart.o
 .text.UART_TxISR_8BIT_FIFOEN.part.0
                0x0000000008010f24       0x38 Thirdparty\STM32G0xx_HAL_Driver\Src\stm32g0xx_hal_uart.o
 .text.UART_TxISR_8BIT_FIFOEN
                0x0000000008010f5c       0x48 Thirdparty\STM32G0xx_HAL_Driver\Src\stm32g0xx_hal_uart.o
 .text.UART_TxISR_16BIT_FIFOEN
                0x0000000008010fa4       0x4c Thirdparty\STM32G0xx_HAL_Driver\Src\stm32g0xx_hal_uart.o
 .text.HAL_UART_MspDeInit
                0x0000000008010ff0        0x4 Thirdparty\STM32G0xx_HAL_Driver\Src\stm32g0xx_hal_uart.o
                0x0000000008010ff0                HAL_UART_MspDeInit
 .text.HAL_UART_DeInit
                0x0000000008010ff4       0x3c Thirdparty\STM32G0xx_HAL_Driver\Src\stm32g0xx_hal_uart.o
                0x0000000008010ff4                HAL_UART_DeInit
 .text.HAL_UART_Transmit_IT
                0x0000000008011030       0xcc Thirdparty\STM32G0xx_HAL_Driver\Src\stm32g0xx_hal_uart.o
                0x0000000008011030                HAL_UART_Transmit_IT
 .text.HAL_UART_RxHalfCpltCallback
                0x00000000080110fc        0x4 Thirdparty\STM32G0xx_HAL_Driver\Src\stm32g0xx_hal_uart.o
                0x00000000080110fc                HAL_UART_RxHalfCpltCallback
 .text.UART_DMAError
                0x0000000008011100       0x84 Thirdparty\STM32G0xx_HAL_Driver\Src\stm32g0xx_hal_uart.o
 .text.UART_DMAAbortOnError
                0x0000000008011184       0x14 Thirdparty\STM32G0xx_HAL_Driver\Src\stm32g0xx_hal_uart.o
 .text.HAL_UARTEx_RxEventCallback
                0x0000000008011198        0x4 Thirdparty\STM32G0xx_HAL_Driver\Src\stm32g0xx_hal_uart.o
                0x0000000008011198                HAL_UARTEx_RxEventCallback
 .text.HAL_UART_IRQHandler
                0x000000000801119c      0x36c Thirdparty\STM32G0xx_HAL_Driver\Src\stm32g0xx_hal_uart.o
                0x000000000801119c                HAL_UART_IRQHandler
 .text.UART_RxISR_8BIT.part.0
                0x0000000008011508       0x78 Thirdparty\STM32G0xx_HAL_Driver\Src\stm32g0xx_hal_uart.o
 .text.UART_RxISR_16BIT
                0x0000000008011580       0x40 Thirdparty\STM32G0xx_HAL_Driver\Src\stm32g0xx_hal_uart.o
 .text.UART_RxISR_8BIT
                0x00000000080115c0       0x40 Thirdparty\STM32G0xx_HAL_Driver\Src\stm32g0xx_hal_uart.o
 .text.UART_RxISR_8BIT_FIFOEN
                0x0000000008011600      0x1cc Thirdparty\STM32G0xx_HAL_Driver\Src\stm32g0xx_hal_uart.o
 .text.UART_RxISR_16BIT_FIFOEN
                0x00000000080117cc      0x1c8 Thirdparty\STM32G0xx_HAL_Driver\Src\stm32g0xx_hal_uart.o
 .text.UART_DMARxHalfCplt
                0x0000000008011994       0x20 Thirdparty\STM32G0xx_HAL_Driver\Src\stm32g0xx_hal_uart.o
 .text.UART_DMAReceiveCplt
                0x00000000080119b4       0x9c Thirdparty\STM32G0xx_HAL_Driver\Src\stm32g0xx_hal_uart.o
 .text.UART_SetConfig
                0x0000000008011a50      0x300 Thirdparty\STM32G0xx_HAL_Driver\Src\stm32g0xx_hal_uart.o
                0x0000000008011a50                UART_SetConfig
 .text.UART_AdvFeatureConfig
                0x0000000008011d50       0xd0 Thirdparty\STM32G0xx_HAL_Driver\Src\stm32g0xx_hal_uart.o
                0x0000000008011d50                UART_AdvFeatureConfig
 .text.UART_WaitOnFlagUntilTimeout
                0x0000000008011e20       0xf0 Thirdparty\STM32G0xx_HAL_Driver\Src\stm32g0xx_hal_uart.o
                0x0000000008011e20                UART_WaitOnFlagUntilTimeout
 .text.HAL_UART_Transmit
                0x0000000008011f10       0xe4 Thirdparty\STM32G0xx_HAL_Driver\Src\stm32g0xx_hal_uart.o
                0x0000000008011f10                HAL_UART_Transmit
 .text.UART_CheckIdleState
                0x0000000008011ff4       0x78 Thirdparty\STM32G0xx_HAL_Driver\Src\stm32g0xx_hal_uart.o
                0x0000000008011ff4                UART_CheckIdleState
 .text.HAL_UART_Init
                0x000000000801206c       0x6c Thirdparty\STM32G0xx_HAL_Driver\Src\stm32g0xx_hal_uart.o
                0x000000000801206c                HAL_UART_Init
 .text.UART_Start_Receive_IT
                0x00000000080120d8      0x15c Thirdparty\STM32G0xx_HAL_Driver\Src\stm32g0xx_hal_uart.o
                0x00000000080120d8                UART_Start_Receive_IT
 .text.HAL_UART_Receive_IT
                0x0000000008012234       0x74 Thirdparty\STM32G0xx_HAL_Driver\Src\stm32g0xx_hal_uart.o
                0x0000000008012234                HAL_UART_Receive_IT
 .text.UART_Start_Receive_DMA
                0x00000000080122a8       0xa8 Thirdparty\STM32G0xx_HAL_Driver\Src\stm32g0xx_hal_uart.o
                0x00000000080122a8                UART_Start_Receive_DMA
 .text.HAL_UART_Receive_DMA
                0x0000000008012350       0x74 Thirdparty\STM32G0xx_HAL_Driver\Src\stm32g0xx_hal_uart.o
                0x0000000008012350                HAL_UART_Receive_DMA
 .text.HAL_UARTEx_WakeupCallback
                0x00000000080123c4        0x4 Thirdparty\STM32G0xx_HAL_Driver\Src\stm32g0xx_hal_uart_ex.o
                0x00000000080123c4                HAL_UARTEx_WakeupCallback
 .text.HAL_UARTEx_RxFifoFullCallback
                0x00000000080123c8        0x4 Thirdparty\STM32G0xx_HAL_Driver\Src\stm32g0xx_hal_uart_ex.o
                0x00000000080123c8                HAL_UARTEx_RxFifoFullCallback
 .text.HAL_UARTEx_TxFifoEmptyCallback
                0x00000000080123cc        0x4 Thirdparty\STM32G0xx_HAL_Driver\Src\stm32g0xx_hal_uart_ex.o
                0x00000000080123cc                HAL_UARTEx_TxFifoEmptyCallback
 .text.startup.main
                0x00000000080123d0        0x8 User\main.o
                0x00000000080123d0                main
 .text.UserTask
                0x00000000080123d8        0xc User\main.o
                0x00000000080123d8                UserTask
 .text.atof     0x00000000080123e4        0xa c:/st/stm32cubeide_1.3.0/stm32cubeide/plugins/com.st.stm32cube.ide.mcu.externaltools.gnu-tools-for-stm32.9-2020-q2-update.win32_1.5.0.202011040924/tools/bin/../lib/gcc/arm-none-eabi/9.3.1/../../../../arm-none-eabi/lib/thumb/v6-m/nofp\libc.a(lib_a-atof.o)
                0x00000000080123e4                atof
 .text.atoi     0x00000000080123ee        0xc c:/st/stm32cubeide_1.3.0/stm32cubeide/plugins/com.st.stm32cube.ide.mcu.externaltools.gnu-tools-for-stm32.9-2020-q2-update.win32_1.5.0.202011040924/tools/bin/../lib/gcc/arm-none-eabi/9.3.1/../../../../arm-none-eabi/lib/thumb/v6-m/nofp\libc.a(lib_a-atoi.o)
                0x00000000080123ee                atoi
 .text.atol     0x00000000080123fa        0xc c:/st/stm32cubeide_1.3.0/stm32cubeide/plugins/com.st.stm32cube.ide.mcu.externaltools.gnu-tools-for-stm32.9-2020-q2-update.win32_1.5.0.202011040924/tools/bin/../lib/gcc/arm-none-eabi/9.3.1/../../../../arm-none-eabi/lib/thumb/v6-m/nofp\libc.a(lib_a-atol.o)
                0x00000000080123fa                atol
 *fill*         0x0000000008012406        0x2 
 .text.calloc   0x0000000008012408       0x14 c:/st/stm32cubeide_1.3.0/stm32cubeide/plugins/com.st.stm32cube.ide.mcu.externaltools.gnu-tools-for-stm32.9-2020-q2-update.win32_1.5.0.202011040924/tools/bin/../lib/gcc/arm-none-eabi/9.3.1/../../../../arm-none-eabi/lib/thumb/v6-m/nofp\libc.a(lib_a-calloc.o)
                0x0000000008012408                calloc
 .text._calloc_r
                0x000000000801241c       0x58 c:/st/stm32cubeide_1.3.0/stm32cubeide/plugins/com.st.stm32cube.ide.mcu.externaltools.gnu-tools-for-stm32.9-2020-q2-update.win32_1.5.0.202011040924/tools/bin/../lib/gcc/arm-none-eabi/9.3.1/../../../../arm-none-eabi/lib/thumb/v6-m/nofp\libc.a(lib_a-callocr.o)
                0x000000000801241c                _calloc_r
 .text.__libc_init_array
                0x0000000008012474       0x48 c:/st/stm32cubeide_1.3.0/stm32cubeide/plugins/com.st.stm32cube.ide.mcu.externaltools.gnu-tools-for-stm32.9-2020-q2-update.win32_1.5.0.202011040924/tools/bin/../lib/gcc/arm-none-eabi/9.3.1/../../../../arm-none-eabi/lib/thumb/v6-m/nofp\libc.a(lib_a-init.o)
                0x0000000008012474                __libc_init_array
 .text.malloc   0x00000000080124bc       0x14 c:/st/stm32cubeide_1.3.0/stm32cubeide/plugins/com.st.stm32cube.ide.mcu.externaltools.gnu-tools-for-stm32.9-2020-q2-update.win32_1.5.0.202011040924/tools/bin/../lib/gcc/arm-none-eabi/9.3.1/../../../../arm-none-eabi/lib/thumb/v6-m/nofp\libc.a(lib_a-malloc.o)
                0x00000000080124bc                malloc
 .text.free     0x00000000080124d0       0x14 c:/st/stm32cubeide_1.3.0/stm32cubeide/plugins/com.st.stm32cube.ide.mcu.externaltools.gnu-tools-for-stm32.9-2020-q2-update.win32_1.5.0.202011040924/tools/bin/../lib/gcc/arm-none-eabi/9.3.1/../../../../arm-none-eabi/lib/thumb/v6-m/nofp\libc.a(lib_a-malloc.o)
                0x00000000080124d0                free
 .text._malloc_r
                0x00000000080124e4      0x428 c:/st/stm32cubeide_1.3.0/stm32cubeide/plugins/com.st.stm32cube.ide.mcu.externaltools.gnu-tools-for-stm32.9-2020-q2-update.win32_1.5.0.202011040924/tools/bin/../lib/gcc/arm-none-eabi/9.3.1/../../../../arm-none-eabi/lib/thumb/v6-m/nofp\libc.a(lib_a-mallocr.o)
                0x00000000080124e4                _malloc_r
 .text.memcpy   0x000000000801290c       0x12 c:/st/stm32cubeide_1.3.0/stm32cubeide/plugins/com.st.stm32cube.ide.mcu.externaltools.gnu-tools-for-stm32.9-2020-q2-update.win32_1.5.0.202011040924/tools/bin/../lib/gcc/arm-none-eabi/9.3.1/../../../../arm-none-eabi/lib/thumb/v6-m/nofp\libc.a(lib_a-memcpy-stub.o)
                0x000000000801290c                memcpy
 .text.memset   0x000000000801291e       0x10 c:/st/stm32cubeide_1.3.0/stm32cubeide/plugins/com.st.stm32cube.ide.mcu.externaltools.gnu-tools-for-stm32.9-2020-q2-update.win32_1.5.0.202011040924/tools/bin/../lib/gcc/arm-none-eabi/9.3.1/../../../../arm-none-eabi/lib/thumb/v6-m/nofp\libc.a(lib_a-memset.o)
                0x000000000801291e                memset
 *fill*         0x000000000801292e        0x2 
 .text.__malloc_lock
                0x0000000008012930       0x10 c:/st/stm32cubeide_1.3.0/stm32cubeide/plugins/com.st.stm32cube.ide.mcu.externaltools.gnu-tools-for-stm32.9-2020-q2-update.win32_1.5.0.202011040924/tools/bin/../lib/gcc/arm-none-eabi/9.3.1/../../../../arm-none-eabi/lib/thumb/v6-m/nofp\libc.a(lib_a-mlock.o)
                0x0000000008012930                __malloc_lock
 .text.__malloc_unlock
                0x0000000008012940       0x10 c:/st/stm32cubeide_1.3.0/stm32cubeide/plugins/com.st.stm32cube.ide.mcu.externaltools.gnu-tools-for-stm32.9-2020-q2-update.win32_1.5.0.202011040924/tools/bin/../lib/gcc/arm-none-eabi/9.3.1/../../../../arm-none-eabi/lib/thumb/v6-m/nofp\libc.a(lib_a-mlock.o)
                0x0000000008012940                __malloc_unlock
 .text.rand     0x0000000008012950       0x34 c:/st/stm32cubeide_1.3.0/stm32cubeide/plugins/com.st.stm32cube.ide.mcu.externaltools.gnu-tools-for-stm32.9-2020-q2-update.win32_1.5.0.202011040924/tools/bin/../lib/gcc/arm-none-eabi/9.3.1/../../../../arm-none-eabi/lib/thumb/v6-m/nofp\libc.a(lib_a-rand.o)
                0x0000000008012950                rand
 .text.realloc  0x0000000008012984       0x14 c:/st/stm32cubeide_1.3.0/stm32cubeide/plugins/com.st.stm32cube.ide.mcu.externaltools.gnu-tools-for-stm32.9-2020-q2-update.win32_1.5.0.202011040924/tools/bin/../lib/gcc/arm-none-eabi/9.3.1/../../../../arm-none-eabi/lib/thumb/v6-m/nofp\libc.a(lib_a-realloc.o)
                0x0000000008012984                realloc
 .text._realloc_r
                0x0000000008012998      0x34c c:/st/stm32cubeide_1.3.0/stm32cubeide/plugins/com.st.stm32cube.ide.mcu.externaltools.gnu-tools-for-stm32.9-2020-q2-update.win32_1.5.0.202011040924/tools/bin/../lib/gcc/arm-none-eabi/9.3.1/../../../../arm-none-eabi/lib/thumb/v6-m/nofp\libc.a(lib_a-reallocr.o)
                0x0000000008012998                _realloc_r
 .text._sbrk_r  0x0000000008012ce4       0x24 c:/st/stm32cubeide_1.3.0/stm32cubeide/plugins/com.st.stm32cube.ide.mcu.externaltools.gnu-tools-for-stm32.9-2020-q2-update.win32_1.5.0.202011040924/tools/bin/../lib/gcc/arm-none-eabi/9.3.1/../../../../arm-none-eabi/lib/thumb/v6-m/nofp\libc.a(lib_a-sbrkr.o)
                0x0000000008012ce4                _sbrk_r
 .text.sprintf  0x0000000008012d08       0x40 c:/st/stm32cubeide_1.3.0/stm32cubeide/plugins/com.st.stm32cube.ide.mcu.externaltools.gnu-tools-for-stm32.9-2020-q2-update.win32_1.5.0.202011040924/tools/bin/../lib/gcc/arm-none-eabi/9.3.1/../../../../arm-none-eabi/lib/thumb/v6-m/nofp\libc.a(lib_a-sprintf.o)
                0x0000000008012d08                sprintf